******************************************************************************
            TI ARM Clang Linker PC v4.0.0                      
******************************************************************************
>> Linked Wed Aug 20 18:44:15 2025

OUTPUT FILE NAME:   <Default_Project.out>
ENTRY POINT SYMBOL: "_c_int00_noargs"  address: 00000319


MEMORY CONFIGURATION

         name            origin    length      used     unused   attr    fill
----------------------  --------  ---------  --------  --------  ----  --------
  FLASH                 00000000   00020000  000003c0  0001fc40  R  X
  SRAM                  20200000   00008000  00000a04  000075fc  RW X
  BCR_CONFIG            41c00000   00000080  00000000  00000080  R   
  BSL_CONFIG            41c00100   00000080  00000000  00000080  R   


SEGMENT ALLOCATION MAP

run origin  load origin   length   init length attrs members
----------  ----------- ---------- ----------- ----- -------
00000000    00000000    000003c0   000003c0    r-x
  00000000    00000000    000000c0   000000c0    r-- .intvecs
  000000c0    000000c0    000002e8   000002e8    r-x .text
  000003a8    000003a8    00000018   00000018    r-- .cinit
20200000    20200000    00000804   00000000    rw-
  20200000    20200000    00000800   00000000    rw- .sysmem
  20200800    20200800    00000004   00000000    rw- .data
20207e00    20207e00    00000200   00000000    rw-
  20207e00    20207e00    00000200   00000000    rw- .stack


SECTION ALLOCATION MAP

 output                                  attributes/
section   page    origin      length       input sections
--------  ----  ----------  ----------   ----------------
.intvecs   0    00000000    000000c0     
                  00000000    000000c0     startup_mspm0g3507_ticlang.o (.intvecs)

.text      0    000000c0    000002e8     
                  000000c0    00000168     clock.o (.text.clock_init_40mhz)
                  00000228    0000007c     libc.a : copy_decompress_lzss.c.obj (.text:decompress:lzss)
                  000002a4    0000003c            : autoinit.c.obj (.text:__TI_auto_init_nobinit_nopinit)
                  000002e0    00000038     LaunchPad.o (.text.launchpad_gpio_init)
                  00000318    00000028     libc.a : boot_cortex_m.c.obj (.text:_c_int00_noargs)
                  00000340    00000014     main.o (.text.main)
                  00000354    00000012     libc.a : memcpy16.S.obj (.text:TI_memcpy_small)
                  00000366    00000012            : copy_decompress_none.c.obj (.text:decompress:none)
                  00000378    00000010     clock.o (.text.clock_delay)
                  00000388    00000008     libclang_rt.builtins.a : aeabi_memcpy.S.obj (.text.__aeabi_memcpy)
                  00000390    00000004     startup_mspm0g3507_ticlang.o (.text.Default_Handler)
                  00000394    00000004     startup_mspm0g3507_ticlang.o (.text.HardFault_Handler)
                  00000398    00000004     startup_mspm0g3507_ticlang.o (.text.Reset_Handler)
                  0000039c    00000004     libc.a : pre_init.c.obj (.text._system_pre_init)
                  000003a0    00000004            : exit.c.obj (.text:abort)
                  000003a4    00000004     --HOLE-- [fill = 0]

.cinit     0    000003a8    00000018     
                  000003a8    00000008     (.cinit..data.load) [load image, compression = lzss]
                  000003b0    00000008     (__TI_handler_table)
                  000003b8    00000008     (__TI_cinit_table)

.init_array 
*          0    00000000    00000000     UNINITIALIZED

.binit     0    00000000    00000000     

.data      0    20200800    00000004     UNINITIALIZED
                  20200800    00000004     clock.o (.data.g_bus_clock_freq)

.sysmem    0    20200000    00000800     UNINITIALIZED
                  20200000    00000010     libc.a : memory.c.obj (.sysmem)
                  20200010    000007f0     --HOLE--

.stack     0    20207e00    00000200     UNINITIALIZED
                  20207e00    00000004     libc.a : boot_cortex_m.c.obj (.stack)
                  20207e04    000001fc     --HOLE--

__llvm_prf_cnts 
*          0    20200000    00000000     UNINITIALIZED

__llvm_prf_bits 
*          0    20200000    00000000     UNINITIALIZED

MODULE SUMMARY

       Module                         code   ro data   rw data
       ------                         ----   -------   -------
    .\
       clock.o                        376    0         4      
       LaunchPad.o                    56     0         0      
       main.o                         20     0         0      
    +--+------------------------------+------+---------+---------+
       Total:                         452    0         4      
                                                              
    .\ticlang\
       startup_mspm0g3507_ticlang.o   12     192       0      
    +--+------------------------------+------+---------+---------+
       Total:                         12     192       0      
                                                              
    C:\ti\ccstheia151\ccs\tools\compiler\ti-cgt-armllvm_4.0.0.LTS\lib\armv6m-ti-none-eabi/c/libc.a
       copy_decompress_lzss.c.obj     124    0         0      
       autoinit.c.obj                 60     0         0      
       boot_cortex_m.c.obj            40     0         0      
       copy_decompress_none.c.obj     18     0         0      
       memcpy16.S.obj                 18     0         0      
       exit.c.obj                     4      0         0      
       pre_init.c.obj                 4      0         0      
    +--+------------------------------+------+---------+---------+
       Total:                         268    0         0      
                                                              
    C:\ti\ccstheia151\ccs\tools\compiler\ti-cgt-armllvm_4.0.0.LTS\lib\armv6m-ti-none-eabi/libclang_rt.builtins.a
       aeabi_memcpy.S.obj             8      0         0      
    +--+------------------------------+------+---------+---------+
       Total:                         8      0         0      
                                                              
       Heap:                          0      0         2048   
       Stack:                         0      0         512    
       Linker Generated:              0      24        0      
    +--+------------------------------+------+---------+---------+
       Grand Total:                   740    216       2564   


LINKER GENERATED COPY TABLES

__TI_cinit_table @ 000003b8 records: 1, size/record: 8, table size: 8
	.data: load addr=000003a8, load size=00000008 bytes, run addr=20200800, run size=00000004 bytes, compression=lzss


LINKER GENERATED HANDLER TABLE

__TI_handler_table @ 000003b0 records: 2, size/record: 4, table size: 8
	index: 0, handler: __TI_decompress_lzss
	index: 1, handler: __TI_decompress_none


GLOBAL SYMBOLS: SORTED ALPHABETICALLY BY Name 

address   name                          
-------   ----                          
00000391  ADC0_IRQHandler               
00000391  ADC1_IRQHandler               
00000391  AES_IRQHandler                
000003a0  C$$EXIT                       
00000391  CANFD0_IRQHandler             
00000391  DAC0_IRQHandler               
00000391  DMA_IRQHandler                
00000391  Default_Handler               
00000391  GROUP0_IRQHandler             
00000391  GROUP1_IRQHandler             
00000395  HardFault_Handler             
00000391  I2C0_IRQHandler               
00000391  I2C1_IRQHandler               
00000391  NMI_Handler                   
00000391  PendSV_Handler                
00000391  RTC_IRQHandler                
00000399  Reset_Handler                 
00000391  SPI0_IRQHandler               
00000391  SPI1_IRQHandler               
00000391  SVC_Handler                   
00000391  SysTick_Handler               
00000391  TIMA0_IRQHandler              
00000391  TIMA1_IRQHandler              
00000391  TIMG0_IRQHandler              
00000391  TIMG12_IRQHandler             
00000391  TIMG6_IRQHandler              
00000391  TIMG7_IRQHandler              
00000391  TIMG8_IRQHandler              
00000355  TI_memcpy_small               
00000391  UART0_IRQHandler              
00000391  UART1_IRQHandler              
00000391  UART2_IRQHandler              
00000391  UART3_IRQHandler              
20208000  __STACK_END                   
00000200  __STACK_SIZE                  
00000800  __SYSMEM_SIZE                 
00000000  __TI_ATRegion0_region_sz      
00000000  __TI_ATRegion0_src_addr       
00000000  __TI_ATRegion0_trg_addr       
00000000  __TI_ATRegion1_region_sz      
00000000  __TI_ATRegion1_src_addr       
00000000  __TI_ATRegion1_trg_addr       
00000000  __TI_ATRegion2_region_sz      
00000000  __TI_ATRegion2_src_addr       
00000000  __TI_ATRegion2_trg_addr       
000003b8  __TI_CINIT_Base               
000003c0  __TI_CINIT_Limit              
000003c0  __TI_CINIT_Warm               
000003b0  __TI_Handler_Table_Base       
000003b8  __TI_Handler_Table_Limit      
000002a5  __TI_auto_init_nobinit_nopinit
00000229  __TI_decompress_lzss          
00000367  __TI_decompress_none          
ffffffff  __TI_pprof_out_hndl           
ffffffff  __TI_prof_data_size           
ffffffff  __TI_prof_data_start          
00000000  __TI_static_base__            
00000389  __aeabi_memcpy                
00000389  __aeabi_memcpy4               
00000389  __aeabi_memcpy8               
ffffffff  __binit__                     
UNDEFED   __mpu_init                    
20207e00  __stack                       
20200000  __start___llvm_prf_bits       
20200000  __start___llvm_prf_cnts       
20200000  __stop___llvm_prf_bits        
20200000  __stop___llvm_prf_cnts        
00000319  _c_int00_noargs               
20200000  _sys_memory                   
UNDEFED   _system_post_cinit            
0000039d  _system_pre_init              
000003a1  abort                         
ffffffff  binit                         
00000379  clock_delay                   
000000c1  clock_init_40mhz              
20200800  g_bus_clock_freq              
00000000  interruptVectors              
000002e1  launchpad_gpio_init           
00000341  main                          


GLOBAL SYMBOLS: SORTED BY Symbol Address 

address   name                          
-------   ----                          
00000000  __TI_ATRegion0_region_sz      
00000000  __TI_ATRegion0_src_addr       
00000000  __TI_ATRegion0_trg_addr       
00000000  __TI_ATRegion1_region_sz      
00000000  __TI_ATRegion1_src_addr       
00000000  __TI_ATRegion1_trg_addr       
00000000  __TI_ATRegion2_region_sz      
00000000  __TI_ATRegion2_src_addr       
00000000  __TI_ATRegion2_trg_addr       
00000000  __TI_static_base__            
00000000  interruptVectors              
000000c1  clock_init_40mhz              
00000200  __STACK_SIZE                  
00000229  __TI_decompress_lzss          
000002a5  __TI_auto_init_nobinit_nopinit
000002e1  launchpad_gpio_init           
00000319  _c_int00_noargs               
00000341  main                          
00000355  TI_memcpy_small               
00000367  __TI_decompress_none          
00000379  clock_delay                   
00000389  __aeabi_memcpy                
00000389  __aeabi_memcpy4               
00000389  __aeabi_memcpy8               
00000391  ADC0_IRQHandler               
00000391  ADC1_IRQHandler               
00000391  AES_IRQHandler                
00000391  CANFD0_IRQHandler             
00000391  DAC0_IRQHandler               
00000391  DMA_IRQHandler                
00000391  Default_Handler               
00000391  GROUP0_IRQHandler             
00000391  GROUP1_IRQHandler             
00000391  I2C0_IRQHandler               
00000391  I2C1_IRQHandler               
00000391  NMI_Handler                   
00000391  PendSV_Handler                
00000391  RTC_IRQHandler                
00000391  SPI0_IRQHandler               
00000391  SPI1_IRQHandler               
00000391  SVC_Handler                   
00000391  SysTick_Handler               
00000391  TIMA0_IRQHandler              
00000391  TIMA1_IRQHandler              
00000391  TIMG0_IRQHandler              
00000391  TIMG12_IRQHandler             
00000391  TIMG6_IRQHandler              
00000391  TIMG7_IRQHandler              
00000391  TIMG8_IRQHandler              
00000391  UART0_IRQHandler              
00000391  UART1_IRQHandler              
00000391  UART2_IRQHandler              
00000391  UART3_IRQHandler              
00000395  HardFault_Handler             
00000399  Reset_Handler                 
0000039d  _system_pre_init              
000003a0  C$$EXIT                       
000003a1  abort                         
000003b0  __TI_Handler_Table_Base       
000003b8  __TI_CINIT_Base               
000003b8  __TI_Handler_Table_Limit      
000003c0  __TI_CINIT_Limit              
000003c0  __TI_CINIT_Warm               
00000800  __SYSMEM_SIZE                 
20200000  __start___llvm_prf_bits       
20200000  __start___llvm_prf_cnts       
20200000  __stop___llvm_prf_bits        
20200000  __stop___llvm_prf_cnts        
20200000  _sys_memory                   
20200800  g_bus_clock_freq              
20207e00  __stack                       
20208000  __STACK_END                   
ffffffff  __TI_pprof_out_hndl           
ffffffff  __TI_prof_data_size           
ffffffff  __TI_prof_data_start          
ffffffff  __binit__                     
ffffffff  binit                         
UNDEFED   __mpu_init                    
UNDEFED   _system_post_cinit            

[79 symbols]
