<?xml version="1.0" encoding="ISO-8859-1" ?>
<link_info>
   <banner>TI ARM Clang Linker PC v4.0.3.LTS</banner>
   <copyright>Copyright (c) 1996-2018 Texas Instruments Incorporated</copyright>
   <command_line>C:\ti\ccstheia141\ccs\tools\compiler\ti-cgt-armllvm_4.0.3.LTS\bin\tiarmlnk -IC:\ti\ccstheia141\ccs\tools\compiler\ti-cgt-armllvm_4.0.3.LTS\lib -o lab2_part3.out -mlab2_part3.map --heap_size=0x800 --stack_size=512 -iC:/ti/mspm0_sdk_2_01_00_03/source -iC:/Users/johnn/OneDrive/Documents/School/ENR-202/csc202_workspace/lab2_part3 -iC:/Users/johnn/OneDrive/Documents/School/ENR-202/csc202_workspace/lab2_part3/Debug/syscfg -iC:/ti/ccstheia141/ccs/tools/compiler/ti-cgt-armllvm_4.0.3.LTS/lib --diag_wrap=off --display_error_number --warn_sections --xml_link_info=lab2_part3_linkInfo.xml --rom_model ./LaunchPad.o ./adc.o ./clock.o ./lab2_p3_main.o ./lcd1602.o ./spi.o ./uart.o ./ticlang/startup_mspm0g3507_ticlang.o ../mspm0g3507.cmd -llibc.a --start-group -llibc++.a -llibc++abi.a -llibc.a -llibsys.a -llibsysbm.a -llibclang_rt.builtins.a -llibclang_rt.profile.a --end-group --cg_opt_level=0</command_line>
   <link_time>0x68c4ef52</link_time>
   <link_errors>0x0</link_errors>
   <output_file>C:\Users\johnn\OneDrive\Documents\School\ENR-202\csc202_workspace\lab2_part3\Debug\lab2_part3.out</output_file>
   <entry_point>
      <name>_c_int00_noargs</name>
      <address>0x2239</address>
   </entry_point>
   <input_file_list>
      <input_file id="fl-1">
         <path>C:\Users\johnn\OneDrive\Documents\School\ENR-202\csc202_workspace\lab2_part3\Debug\.\</path>
         <kind>object</kind>
         <file>LaunchPad.o</file>
         <name>LaunchPad.o</name>
      </input_file>
      <input_file id="fl-2">
         <path>C:\Users\johnn\OneDrive\Documents\School\ENR-202\csc202_workspace\lab2_part3\Debug\.\</path>
         <kind>object</kind>
         <file>adc.o</file>
         <name>adc.o</name>
      </input_file>
      <input_file id="fl-3">
         <path>C:\Users\johnn\OneDrive\Documents\School\ENR-202\csc202_workspace\lab2_part3\Debug\.\</path>
         <kind>object</kind>
         <file>clock.o</file>
         <name>clock.o</name>
      </input_file>
      <input_file id="fl-4">
         <path>C:\Users\johnn\OneDrive\Documents\School\ENR-202\csc202_workspace\lab2_part3\Debug\.\</path>
         <kind>object</kind>
         <file>lab2_p3_main.o</file>
         <name>lab2_p3_main.o</name>
      </input_file>
      <input_file id="fl-5">
         <path>C:\Users\johnn\OneDrive\Documents\School\ENR-202\csc202_workspace\lab2_part3\Debug\.\</path>
         <kind>object</kind>
         <file>lcd1602.o</file>
         <name>lcd1602.o</name>
      </input_file>
      <input_file id="fl-6">
         <path>C:\Users\johnn\OneDrive\Documents\School\ENR-202\csc202_workspace\lab2_part3\Debug\.\</path>
         <kind>object</kind>
         <file>spi.o</file>
         <name>spi.o</name>
      </input_file>
      <input_file id="fl-7">
         <path>C:\Users\johnn\OneDrive\Documents\School\ENR-202\csc202_workspace\lab2_part3\Debug\.\</path>
         <kind>object</kind>
         <file>uart.o</file>
         <name>uart.o</name>
      </input_file>
      <input_file id="fl-8">
         <path>C:\Users\johnn\OneDrive\Documents\School\ENR-202\csc202_workspace\lab2_part3\Debug\.\ticlang\</path>
         <kind>object</kind>
         <file>startup_mspm0g3507_ticlang.o</file>
         <name>startup_mspm0g3507_ticlang.o</name>
      </input_file>
      <input_file id="fl-13">
         <path>C:\Users\johnn\OneDrive\Documents\School\ENR-202\csc202_workspace\lab2_part3\Debug\</path>
         <kind>object</kind>
         <file>&lt;internal&gt;</file>
         <name>&lt;internal&gt;</name>
      </input_file>
      <input_file id="fl-2a">
         <path>C:\ti\ccstheia141\ccs\tools\compiler\ti-cgt-armllvm_4.0.3.LTS\lib\armv6m-ti-none-eabi\c\</path>
         <kind>archive</kind>
         <file>libc.a</file>
         <name>sprintf.c.obj</name>
      </input_file>
      <input_file id="fl-2b">
         <path>C:\ti\ccstheia141\ccs\tools\compiler\ti-cgt-armllvm_4.0.3.LTS\lib\armv6m-ti-none-eabi\c\</path>
         <kind>archive</kind>
         <file>libc.a</file>
         <name>e_powf.c.obj</name>
      </input_file>
      <input_file id="fl-2c">
         <path>C:\ti\ccstheia141\ccs\tools\compiler\ti-cgt-armllvm_4.0.3.LTS\lib\armv6m-ti-none-eabi\c\</path>
         <kind>archive</kind>
         <file>libc.a</file>
         <name>e_sqrtf.c.obj</name>
      </input_file>
      <input_file id="fl-2d">
         <path>C:\ti\ccstheia141\ccs\tools\compiler\ti-cgt-armllvm_4.0.3.LTS\lib\armv6m-ti-none-eabi\c\</path>
         <kind>archive</kind>
         <file>libc.a</file>
         <name>s_scalbnf.c.obj</name>
      </input_file>
      <input_file id="fl-2e">
         <path>C:\ti\ccstheia141\ccs\tools\compiler\ti-cgt-armllvm_4.0.3.LTS\lib\armv6m-ti-none-eabi\c\</path>
         <kind>archive</kind>
         <file>libc.a</file>
         <name>aeabi_portable.c.obj</name>
      </input_file>
      <input_file id="fl-2f">
         <path>C:\ti\ccstheia141\ccs\tools\compiler\ti-cgt-armllvm_4.0.3.LTS\lib\armv6m-ti-none-eabi\c\</path>
         <kind>archive</kind>
         <file>libc.a</file>
         <name>assert.c.obj</name>
      </input_file>
      <input_file id="fl-30">
         <path>C:\ti\ccstheia141\ccs\tools\compiler\ti-cgt-armllvm_4.0.3.LTS\lib\armv6m-ti-none-eabi\c\</path>
         <kind>archive</kind>
         <file>libc.a</file>
         <name>defs.c.obj</name>
      </input_file>
      <input_file id="fl-31">
         <path>C:\ti\ccstheia141\ccs\tools\compiler\ti-cgt-armllvm_4.0.3.LTS\lib\armv6m-ti-none-eabi\c\</path>
         <kind>archive</kind>
         <file>libc.a</file>
         <name>memory.c.obj</name>
      </input_file>
      <input_file id="fl-32">
         <path>C:\ti\ccstheia141\ccs\tools\compiler\ti-cgt-armllvm_4.0.3.LTS\lib\armv6m-ti-none-eabi\c\</path>
         <kind>archive</kind>
         <file>libc.a</file>
         <name>boot_cortex_m.c.obj</name>
      </input_file>
      <input_file id="fl-33">
         <path>C:\ti\ccstheia141\ccs\tools\compiler\ti-cgt-armllvm_4.0.3.LTS\lib\armv6m-ti-none-eabi\c\</path>
         <kind>archive</kind>
         <file>libc.a</file>
         <name>mathacl_init.c.obj</name>
      </input_file>
      <input_file id="fl-34">
         <path>C:\ti\ccstheia141\ccs\tools\compiler\ti-cgt-armllvm_4.0.3.LTS\lib\armv6m-ti-none-eabi\c\</path>
         <kind>archive</kind>
         <file>libc.a</file>
         <name>autoinit.c.obj</name>
      </input_file>
      <input_file id="fl-35">
         <path>C:\ti\ccstheia141\ccs\tools\compiler\ti-cgt-armllvm_4.0.3.LTS\lib\armv6m-ti-none-eabi\c\</path>
         <kind>archive</kind>
         <file>libc.a</file>
         <name>pre_init.c.obj</name>
      </input_file>
      <input_file id="fl-36">
         <path>C:\ti\ccstheia141\ccs\tools\compiler\ti-cgt-armllvm_4.0.3.LTS\lib\armv6m-ti-none-eabi\c\</path>
         <kind>archive</kind>
         <file>libc.a</file>
         <name>cpy_tbl.c.obj</name>
      </input_file>
      <input_file id="fl-37">
         <path>C:\ti\ccstheia141\ccs\tools\compiler\ti-cgt-armllvm_4.0.3.LTS\lib\armv6m-ti-none-eabi\c\</path>
         <kind>archive</kind>
         <file>libc.a</file>
         <name>copy_zero_init.c.obj</name>
      </input_file>
      <input_file id="fl-38">
         <path>C:\ti\ccstheia141\ccs\tools\compiler\ti-cgt-armllvm_4.0.3.LTS\lib\armv6m-ti-none-eabi\c\</path>
         <kind>archive</kind>
         <file>libc.a</file>
         <name>copy_decompress_none.c.obj</name>
      </input_file>
      <input_file id="fl-39">
         <path>C:\ti\ccstheia141\ccs\tools\compiler\ti-cgt-armllvm_4.0.3.LTS\lib\armv6m-ti-none-eabi\c\</path>
         <kind>archive</kind>
         <file>libc.a</file>
         <name>copy_decompress_lzss.c.obj</name>
      </input_file>
      <input_file id="fl-3a">
         <path>C:\ti\ccstheia141\ccs\tools\compiler\ti-cgt-armllvm_4.0.3.LTS\lib\armv6m-ti-none-eabi\c\</path>
         <kind>archive</kind>
         <file>libc.a</file>
         <name>_printfi.c.obj</name>
      </input_file>
      <input_file id="fl-3b">
         <path>C:\ti\ccstheia141\ccs\tools\compiler\ti-cgt-armllvm_4.0.3.LTS\lib\armv6m-ti-none-eabi\c\</path>
         <kind>archive</kind>
         <file>libc.a</file>
         <name>fflush.c.obj</name>
      </input_file>
      <input_file id="fl-3c">
         <path>C:\ti\ccstheia141\ccs\tools\compiler\ti-cgt-armllvm_4.0.3.LTS\lib\armv6m-ti-none-eabi\c\</path>
         <kind>archive</kind>
         <file>libc.a</file>
         <name>fputs.c.obj</name>
      </input_file>
      <input_file id="fl-3d">
         <path>C:\ti\ccstheia141\ccs\tools\compiler\ti-cgt-armllvm_4.0.3.LTS\lib\armv6m-ti-none-eabi\c\</path>
         <kind>archive</kind>
         <file>libc.a</file>
         <name>_io_perm.c.obj</name>
      </input_file>
      <input_file id="fl-3e">
         <path>C:\ti\ccstheia141\ccs\tools\compiler\ti-cgt-armllvm_4.0.3.LTS\lib\armv6m-ti-none-eabi\c\</path>
         <kind>archive</kind>
         <file>libc.a</file>
         <name>setvbuf.c.obj</name>
      </input_file>
      <input_file id="fl-3f">
         <path>C:\ti\ccstheia141\ccs\tools\compiler\ti-cgt-armllvm_4.0.3.LTS\lib\armv6m-ti-none-eabi\c\</path>
         <kind>archive</kind>
         <file>libc.a</file>
         <name>s_frexp.c.obj</name>
      </input_file>
      <input_file id="fl-40">
         <path>C:\ti\ccstheia141\ccs\tools\compiler\ti-cgt-armllvm_4.0.3.LTS\lib\armv6m-ti-none-eabi\c\</path>
         <kind>archive</kind>
         <file>libc.a</file>
         <name>s_scalbn.c.obj</name>
      </input_file>
      <input_file id="fl-41">
         <path>C:\ti\ccstheia141\ccs\tools\compiler\ti-cgt-armllvm_4.0.3.LTS\lib\armv6m-ti-none-eabi\c\</path>
         <kind>archive</kind>
         <file>libc.a</file>
         <name>wcslen.c.obj</name>
      </input_file>
      <input_file id="fl-42">
         <path>C:\ti\ccstheia141\ccs\tools\compiler\ti-cgt-armllvm_4.0.3.LTS\lib\armv6m-ti-none-eabi\c\</path>
         <kind>archive</kind>
         <file>libc.a</file>
         <name>exit.c.obj</name>
      </input_file>
      <input_file id="fl-43">
         <path>C:\ti\ccstheia141\ccs\tools\compiler\ti-cgt-armllvm_4.0.3.LTS\lib\armv6m-ti-none-eabi\c\</path>
         <kind>archive</kind>
         <file>libc.a</file>
         <name>_lock.c.obj</name>
      </input_file>
      <input_file id="fl-44">
         <path>C:\ti\ccstheia141\ccs\tools\compiler\ti-cgt-armllvm_4.0.3.LTS\lib\armv6m-ti-none-eabi\c\</path>
         <kind>archive</kind>
         <file>libc.a</file>
         <name>_ltoa.c.obj</name>
      </input_file>
      <input_file id="fl-45">
         <path>C:\ti\ccstheia141\ccs\tools\compiler\ti-cgt-armllvm_4.0.3.LTS\lib\armv6m-ti-none-eabi\c\</path>
         <kind>archive</kind>
         <file>libc.a</file>
         <name>args_main.c.obj</name>
      </input_file>
      <input_file id="fl-46">
         <path>C:\ti\ccstheia141\ccs\tools\compiler\ti-cgt-armllvm_4.0.3.LTS\lib\armv6m-ti-none-eabi\c\</path>
         <kind>archive</kind>
         <file>libc.a</file>
         <name>atoi.c.obj</name>
      </input_file>
      <input_file id="fl-47">
         <path>C:\ti\ccstheia141\ccs\tools\compiler\ti-cgt-armllvm_4.0.3.LTS\lib\armv6m-ti-none-eabi\c\</path>
         <kind>archive</kind>
         <file>libc.a</file>
         <name>memccpy.c.obj</name>
      </input_file>
      <input_file id="fl-48">
         <path>C:\ti\ccstheia141\ccs\tools\compiler\ti-cgt-armllvm_4.0.3.LTS\lib\armv6m-ti-none-eabi\c\</path>
         <kind>archive</kind>
         <file>libc.a</file>
         <name>fopen.c.obj</name>
      </input_file>
      <input_file id="fl-49">
         <path>C:\ti\ccstheia141\ccs\tools\compiler\ti-cgt-armllvm_4.0.3.LTS\lib\armv6m-ti-none-eabi\c\</path>
         <kind>archive</kind>
         <file>libc.a</file>
         <name>fseek.c.obj</name>
      </input_file>
      <input_file id="fl-4a">
         <path>C:\ti\ccstheia141\ccs\tools\compiler\ti-cgt-armllvm_4.0.3.LTS\lib\armv6m-ti-none-eabi\c\</path>
         <kind>archive</kind>
         <file>libc.a</file>
         <name>aeabi_ctype.S.obj</name>
      </input_file>
      <input_file id="fl-4b">
         <path>C:\ti\ccstheia141\ccs\tools\compiler\ti-cgt-armllvm_4.0.3.LTS\lib\armv6m-ti-none-eabi\c\</path>
         <kind>archive</kind>
         <file>libc.a</file>
         <name>fclose.c.obj</name>
      </input_file>
      <input_file id="fl-eb">
         <path>C:\ti\ccstheia141\ccs\tools\compiler\ti-cgt-armllvm_4.0.3.LTS\lib\armv6m-ti-none-eabi\c\</path>
         <kind>archive</kind>
         <file>libsysbm.a</file>
         <name>hostexit.c.obj</name>
      </input_file>
      <input_file id="fl-ec">
         <path>C:\ti\ccstheia141\ccs\tools\compiler\ti-cgt-armllvm_4.0.3.LTS\lib\armv6m-ti-none-eabi\c\</path>
         <kind>archive</kind>
         <file>libsysbm.a</file>
         <name>write.c.obj</name>
      </input_file>
      <input_file id="fl-ed">
         <path>C:\ti\ccstheia141\ccs\tools\compiler\ti-cgt-armllvm_4.0.3.LTS\lib\armv6m-ti-none-eabi\c\</path>
         <kind>archive</kind>
         <file>libsysbm.a</file>
         <name>host_device.c.obj</name>
      </input_file>
      <input_file id="fl-ee">
         <path>C:\ti\ccstheia141\ccs\tools\compiler\ti-cgt-armllvm_4.0.3.LTS\lib\armv6m-ti-none-eabi\c\</path>
         <kind>archive</kind>
         <file>libsysbm.a</file>
         <name>remove.c.obj</name>
      </input_file>
      <input_file id="fl-ef">
         <path>C:\ti\ccstheia141\ccs\tools\compiler\ti-cgt-armllvm_4.0.3.LTS\lib\armv6m-ti-none-eabi\c\</path>
         <kind>archive</kind>
         <file>libsysbm.a</file>
         <name>open.c.obj</name>
      </input_file>
      <input_file id="fl-f0">
         <path>C:\ti\ccstheia141\ccs\tools\compiler\ti-cgt-armllvm_4.0.3.LTS\lib\armv6m-ti-none-eabi\c\</path>
         <kind>archive</kind>
         <file>libsysbm.a</file>
         <name>lseek.c.obj</name>
      </input_file>
      <input_file id="fl-f1">
         <path>C:\ti\ccstheia141\ccs\tools\compiler\ti-cgt-armllvm_4.0.3.LTS\lib\armv6m-ti-none-eabi\c\</path>
         <kind>archive</kind>
         <file>libsysbm.a</file>
         <name>close.c.obj</name>
      </input_file>
      <input_file id="fl-f2">
         <path>C:\ti\ccstheia141\ccs\tools\compiler\ti-cgt-armllvm_4.0.3.LTS\lib\armv6m-ti-none-eabi\c\</path>
         <kind>archive</kind>
         <file>libsysbm.a</file>
         <name>unlink.c.obj</name>
      </input_file>
      <input_file id="fl-f3">
         <path>C:\ti\ccstheia141\ccs\tools\compiler\ti-cgt-armllvm_4.0.3.LTS\lib\armv6m-ti-none-eabi\c\</path>
         <kind>archive</kind>
         <file>libsysbm.a</file>
         <name>hostclose.c.obj</name>
      </input_file>
      <input_file id="fl-f4">
         <path>C:\ti\ccstheia141\ccs\tools\compiler\ti-cgt-armllvm_4.0.3.LTS\lib\armv6m-ti-none-eabi\c\</path>
         <kind>archive</kind>
         <file>libsysbm.a</file>
         <name>hostlseek.c.obj</name>
      </input_file>
      <input_file id="fl-f5">
         <path>C:\ti\ccstheia141\ccs\tools\compiler\ti-cgt-armllvm_4.0.3.LTS\lib\armv6m-ti-none-eabi\c\</path>
         <kind>archive</kind>
         <file>libsysbm.a</file>
         <name>hostopen.c.obj</name>
      </input_file>
      <input_file id="fl-f6">
         <path>C:\ti\ccstheia141\ccs\tools\compiler\ti-cgt-armllvm_4.0.3.LTS\lib\armv6m-ti-none-eabi\c\</path>
         <kind>archive</kind>
         <file>libsysbm.a</file>
         <name>hostread.c.obj</name>
      </input_file>
      <input_file id="fl-f7">
         <path>C:\ti\ccstheia141\ccs\tools\compiler\ti-cgt-armllvm_4.0.3.LTS\lib\armv6m-ti-none-eabi\c\</path>
         <kind>archive</kind>
         <file>libsysbm.a</file>
         <name>hostrename.c.obj</name>
      </input_file>
      <input_file id="fl-f8">
         <path>C:\ti\ccstheia141\ccs\tools\compiler\ti-cgt-armllvm_4.0.3.LTS\lib\armv6m-ti-none-eabi\c\</path>
         <kind>archive</kind>
         <file>libsysbm.a</file>
         <name>hostunlink.c.obj</name>
      </input_file>
      <input_file id="fl-f9">
         <path>C:\ti\ccstheia141\ccs\tools\compiler\ti-cgt-armllvm_4.0.3.LTS\lib\armv6m-ti-none-eabi\c\</path>
         <kind>archive</kind>
         <file>libsysbm.a</file>
         <name>hostwrite.c.obj</name>
      </input_file>
      <input_file id="fl-fa">
         <path>C:\ti\ccstheia141\ccs\tools\compiler\ti-cgt-armllvm_4.0.3.LTS\lib\armv6m-ti-none-eabi\c\</path>
         <kind>archive</kind>
         <file>libsysbm.a</file>
         <name>trgmsg.c.obj</name>
      </input_file>
      <input_file id="fl-fb">
         <path>C:\ti\ccstheia141\ccs\tools\compiler\ti-cgt-armllvm_4.0.3.LTS\lib\armv6m-ti-none-eabi\</path>
         <kind>archive</kind>
         <file>libclang_rt.builtins.a</file>
         <name>addsf3.S.obj</name>
      </input_file>
      <input_file id="fl-fc">
         <path>C:\ti\ccstheia141\ccs\tools\compiler\ti-cgt-armllvm_4.0.3.LTS\lib\armv6m-ti-none-eabi\</path>
         <kind>archive</kind>
         <file>libclang_rt.builtins.a</file>
         <name>adddf3.S.obj</name>
      </input_file>
      <input_file id="fl-fd">
         <path>C:\ti\ccstheia141\ccs\tools\compiler\ti-cgt-armllvm_4.0.3.LTS\lib\armv6m-ti-none-eabi\</path>
         <kind>archive</kind>
         <file>libclang_rt.builtins.a</file>
         <name>muldf3.S.obj</name>
      </input_file>
      <input_file id="fl-fe">
         <path>C:\ti\ccstheia141\ccs\tools\compiler\ti-cgt-armllvm_4.0.3.LTS\lib\armv6m-ti-none-eabi\</path>
         <kind>archive</kind>
         <file>libclang_rt.builtins.a</file>
         <name>muldsi3.S.obj</name>
      </input_file>
      <input_file id="fl-ff">
         <path>C:\ti\ccstheia141\ccs\tools\compiler\ti-cgt-armllvm_4.0.3.LTS\lib\armv6m-ti-none-eabi\</path>
         <kind>archive</kind>
         <file>libclang_rt.builtins.a</file>
         <name>mulsf3.S.obj</name>
      </input_file>
      <input_file id="fl-100">
         <path>C:\ti\ccstheia141\ccs\tools\compiler\ti-cgt-armllvm_4.0.3.LTS\lib\armv6m-ti-none-eabi\</path>
         <kind>archive</kind>
         <file>libclang_rt.builtins.a</file>
         <name>divsf3.S.obj</name>
      </input_file>
      <input_file id="fl-101">
         <path>C:\ti\ccstheia141\ccs\tools\compiler\ti-cgt-armllvm_4.0.3.LTS\lib\armv6m-ti-none-eabi\</path>
         <kind>archive</kind>
         <file>libclang_rt.builtins.a</file>
         <name>divdf3.S.obj</name>
      </input_file>
      <input_file id="fl-102">
         <path>C:\ti\ccstheia141\ccs\tools\compiler\ti-cgt-armllvm_4.0.3.LTS\lib\armv6m-ti-none-eabi\</path>
         <kind>archive</kind>
         <file>libclang_rt.builtins.a</file>
         <name>extendsfdf2.S.obj</name>
      </input_file>
      <input_file id="fl-103">
         <path>C:\ti\ccstheia141\ccs\tools\compiler\ti-cgt-armllvm_4.0.3.LTS\lib\armv6m-ti-none-eabi\</path>
         <kind>archive</kind>
         <file>libclang_rt.builtins.a</file>
         <name>fixdfsi.S.obj</name>
      </input_file>
      <input_file id="fl-104">
         <path>C:\ti\ccstheia141\ccs\tools\compiler\ti-cgt-armllvm_4.0.3.LTS\lib\armv6m-ti-none-eabi\</path>
         <kind>archive</kind>
         <file>libclang_rt.builtins.a</file>
         <name>fixunsdfsi.S.obj</name>
      </input_file>
      <input_file id="fl-105">
         <path>C:\ti\ccstheia141\ccs\tools\compiler\ti-cgt-armllvm_4.0.3.LTS\lib\armv6m-ti-none-eabi\</path>
         <kind>archive</kind>
         <file>libclang_rt.builtins.a</file>
         <name>floatsidf.S.obj</name>
      </input_file>
      <input_file id="fl-106">
         <path>C:\ti\ccstheia141\ccs\tools\compiler\ti-cgt-armllvm_4.0.3.LTS\lib\armv6m-ti-none-eabi\</path>
         <kind>archive</kind>
         <file>libclang_rt.builtins.a</file>
         <name>floatsisf.S.obj</name>
      </input_file>
      <input_file id="fl-107">
         <path>C:\ti\ccstheia141\ccs\tools\compiler\ti-cgt-armllvm_4.0.3.LTS\lib\armv6m-ti-none-eabi\</path>
         <kind>archive</kind>
         <file>libclang_rt.builtins.a</file>
         <name>floatunsidf.S.obj</name>
      </input_file>
      <input_file id="fl-108">
         <path>C:\ti\ccstheia141\ccs\tools\compiler\ti-cgt-armllvm_4.0.3.LTS\lib\armv6m-ti-none-eabi\</path>
         <kind>archive</kind>
         <file>libclang_rt.builtins.a</file>
         <name>muldi3.S.obj</name>
      </input_file>
      <input_file id="fl-109">
         <path>C:\ti\ccstheia141\ccs\tools\compiler\ti-cgt-armllvm_4.0.3.LTS\lib\armv6m-ti-none-eabi\</path>
         <kind>archive</kind>
         <file>libclang_rt.builtins.a</file>
         <name>truncdfsf2.S.obj</name>
      </input_file>
      <input_file id="fl-10a">
         <path>C:\ti\ccstheia141\ccs\tools\compiler\ti-cgt-armllvm_4.0.3.LTS\lib\armv6m-ti-none-eabi\</path>
         <kind>archive</kind>
         <file>libclang_rt.builtins.a</file>
         <name>aeabi_dcmp.S.obj</name>
      </input_file>
      <input_file id="fl-10b">
         <path>C:\ti\ccstheia141\ccs\tools\compiler\ti-cgt-armllvm_4.0.3.LTS\lib\armv6m-ti-none-eabi\</path>
         <kind>archive</kind>
         <file>libclang_rt.builtins.a</file>
         <name>aeabi_fcmp.S.obj</name>
      </input_file>
      <input_file id="fl-10c">
         <path>C:\ti\ccstheia141\ccs\tools\compiler\ti-cgt-armllvm_4.0.3.LTS\lib\armv6m-ti-none-eabi\</path>
         <kind>archive</kind>
         <file>libclang_rt.builtins.a</file>
         <name>aeabi_idivmod.S.obj</name>
      </input_file>
      <input_file id="fl-10d">
         <path>C:\ti\ccstheia141\ccs\tools\compiler\ti-cgt-armllvm_4.0.3.LTS\lib\armv6m-ti-none-eabi\</path>
         <kind>archive</kind>
         <file>libclang_rt.builtins.a</file>
         <name>aeabi_memcpy.S.obj</name>
      </input_file>
      <input_file id="fl-10e">
         <path>C:\ti\ccstheia141\ccs\tools\compiler\ti-cgt-armllvm_4.0.3.LTS\lib\armv6m-ti-none-eabi\</path>
         <kind>archive</kind>
         <file>libclang_rt.builtins.a</file>
         <name>aeabi_memset.S.obj</name>
      </input_file>
      <input_file id="fl-10f">
         <path>C:\ti\ccstheia141\ccs\tools\compiler\ti-cgt-armllvm_4.0.3.LTS\lib\armv6m-ti-none-eabi\</path>
         <kind>archive</kind>
         <file>libclang_rt.builtins.a</file>
         <name>aeabi_uidivmod.S.obj</name>
      </input_file>
      <input_file id="fl-110">
         <path>C:\ti\ccstheia141\ccs\tools\compiler\ti-cgt-armllvm_4.0.3.LTS\lib\armv6m-ti-none-eabi\</path>
         <kind>archive</kind>
         <file>libclang_rt.builtins.a</file>
         <name>aeabi_uldivmod.S.obj</name>
      </input_file>
      <input_file id="fl-111">
         <path>C:\ti\ccstheia141\ccs\tools\compiler\ti-cgt-armllvm_4.0.3.LTS\lib\armv6m-ti-none-eabi\</path>
         <kind>archive</kind>
         <file>libclang_rt.builtins.a</file>
         <name>comparesf2.S.obj</name>
      </input_file>
      <input_file id="fl-112">
         <path>C:\ti\ccstheia141\ccs\tools\compiler\ti-cgt-armllvm_4.0.3.LTS\lib\armv6m-ti-none-eabi\</path>
         <kind>archive</kind>
         <file>libclang_rt.builtins.a</file>
         <name>udivmoddi4.S.obj</name>
      </input_file>
      <input_file id="fl-113">
         <path>C:\ti\ccstheia141\ccs\tools\compiler\ti-cgt-armllvm_4.0.3.LTS\lib\armv6m-ti-none-eabi\</path>
         <kind>archive</kind>
         <file>libclang_rt.builtins.a</file>
         <name>ashldi3.S.obj</name>
      </input_file>
      <input_file id="fl-114">
         <path>C:\ti\ccstheia141\ccs\tools\compiler\ti-cgt-armllvm_4.0.3.LTS\lib\armv6m-ti-none-eabi\</path>
         <kind>archive</kind>
         <file>libclang_rt.builtins.a</file>
         <name>comparedf2.c.obj</name>
      </input_file>
      <input_file id="fl-115">
         <path>C:\ti\ccstheia141\ccs\tools\compiler\ti-cgt-armllvm_4.0.3.LTS\lib\armv6m-ti-none-eabi\</path>
         <kind>archive</kind>
         <file>libclang_rt.builtins.a</file>
         <name>aeabi_div0.c.obj</name>
      </input_file>
      <input_file id="fl-116">
         <path>C:\ti\ccstheia141\ccs\tools\compiler\ti-cgt-armllvm_4.0.3.LTS\lib\armv6m-ti-none-eabi\c\</path>
         <kind>archive</kind>
         <file>libc.a</file>
         <name>getdevice.c.obj</name>
      </input_file>
      <input_file id="fl-117">
         <path>C:\ti\ccstheia141\ccs\tools\compiler\ti-cgt-armllvm_4.0.3.LTS\lib\armv6m-ti-none-eabi\c\</path>
         <kind>archive</kind>
         <file>libc.a</file>
         <name>memcpy16.S.obj</name>
      </input_file>
      <input_file id="fl-118">
         <path>C:\ti\ccstheia141\ccs\tools\compiler\ti-cgt-armllvm_4.0.3.LTS\lib\armv6m-ti-none-eabi\c\</path>
         <kind>archive</kind>
         <file>libc.a</file>
         <name>memset16.S.obj</name>
      </input_file>
      <input_file id="fl-119">
         <path>C:\ti\ccstheia141\ccs\tools\compiler\ti-cgt-armllvm_4.0.3.LTS\lib\armv6m-ti-none-eabi\c\</path>
         <kind>archive</kind>
         <file>libc.a</file>
         <name>strcmp-armv6m.S.obj</name>
      </input_file>
   </input_file_list>
   <object_component_list>
      <object_component id="oc-18">
         <name>.intvecs</name>
         <load_address>0x0</load_address>
         <readonly>true</readonly>
         <run_address>0x0</run_address>
         <size>0xc0</size>
         <alignment>0x4</alignment>
         <input_file_ref idref="fl-8"/>
      </object_component>
      <object_component id="oc-12d">
         <name>.text:__TI_printfi</name>
         <load_address>0xc0</load_address>
         <readonly>true</readonly>
         <executable>true</executable>
         <run_address>0xc0</run_address>
         <size>0x9d0</size>
         <alignment>0x4</alignment>
         <input_file_ref idref="fl-3a"/>
      </object_component>
      <object_component id="oc-14d">
         <name>.text._pconv_a</name>
         <load_address>0xa90</load_address>
         <readonly>true</readonly>
         <executable>true</executable>
         <run_address>0xa90</run_address>
         <size>0x220</size>
         <alignment>0x4</alignment>
         <input_file_ref idref="fl-3a"/>
      </object_component>
      <object_component id="oc-6b">
         <name>.text.main</name>
         <load_address>0xcb0</load_address>
         <readonly>true</readonly>
         <executable>true</executable>
         <run_address>0xcb0</run_address>
         <size>0x21c</size>
         <alignment>0x4</alignment>
         <input_file_ref idref="fl-4"/>
      </object_component>
      <object_component id="oc-152">
         <name>.text._pconv_g</name>
         <load_address>0xecc</load_address>
         <readonly>true</readonly>
         <executable>true</executable>
         <run_address>0xecc</run_address>
         <size>0x1dc</size>
         <alignment>0x4</alignment>
         <input_file_ref idref="fl-3a"/>
      </object_component>
      <object_component id="oc-e8">
         <name>.text.adddf3_subdf3</name>
         <load_address>0x10a8</load_address>
         <readonly>true</readonly>
         <executable>true</executable>
         <run_address>0x10a8</run_address>
         <size>0x192</size>
         <alignment>0x4</alignment>
         <input_file_ref idref="fl-fc"/>
      </object_component>
      <object_component id="oc-10a">
         <name>.text.__aeabi_idiv0</name>
         <load_address>0x123a</load_address>
         <readonly>true</readonly>
         <executable>true</executable>
         <run_address>0x123a</run_address>
         <size>0x2</size>
         <alignment>0x2</alignment>
         <input_file_ref idref="fl-115"/>
      </object_component>
      <object_component id="oc-84">
         <name>.text.clock_init_40mhz</name>
         <load_address>0x123c</load_address>
         <readonly>true</readonly>
         <executable>true</executable>
         <run_address>0x123c</run_address>
         <size>0x168</size>
         <alignment>0x4</alignment>
         <input_file_ref idref="fl-3"/>
      </object_component>
      <object_component id="oc-196">
         <name>.text.fcvt</name>
         <load_address>0x13a4</load_address>
         <readonly>true</readonly>
         <executable>true</executable>
         <run_address>0x13a4</run_address>
         <size>0x13c</size>
         <alignment>0x4</alignment>
         <input_file_ref idref="fl-3a"/>
      </object_component>
      <object_component id="oc-154">
         <name>.text._pconv_e</name>
         <load_address>0x14e0</load_address>
         <readonly>true</readonly>
         <executable>true</executable>
         <run_address>0x14e0</run_address>
         <size>0x120</size>
         <alignment>0x4</alignment>
         <input_file_ref idref="fl-3a"/>
      </object_component>
      <object_component id="oc-192">
         <name>.text.__divdf3</name>
         <load_address>0x1600</load_address>
         <readonly>true</readonly>
         <executable>true</executable>
         <run_address>0x1600</run_address>
         <size>0x10c</size>
         <alignment>0x4</alignment>
         <input_file_ref idref="fl-101"/>
      </object_component>
      <object_component id="oc-182">
         <name>.text.__muldf3</name>
         <load_address>0x170c</load_address>
         <readonly>true</readonly>
         <executable>true</executable>
         <run_address>0x170c</run_address>
         <size>0xe4</size>
         <alignment>0x4</alignment>
         <input_file_ref idref="fl-fd"/>
      </object_component>
      <object_component id="oc-171">
         <name>.text.scalbn</name>
         <load_address>0x17f0</load_address>
         <readonly>true</readonly>
         <executable>true</executable>
         <run_address>0x17f0</run_address>
         <size>0xd8</size>
         <alignment>0x4</alignment>
         <input_file_ref idref="fl-40"/>
      </object_component>
      <object_component id="oc-8f">
         <name>.text.UART_init</name>
         <load_address>0x18c8</load_address>
         <readonly>true</readonly>
         <executable>true</executable>
         <run_address>0x18c8</run_address>
         <size>0xd4</size>
         <alignment>0x4</alignment>
         <input_file_ref idref="fl-7"/>
      </object_component>
      <object_component id="oc-dd">
         <name>.text.lp_leds_off</name>
         <load_address>0x199c</load_address>
         <readonly>true</readonly>
         <executable>true</executable>
         <run_address>0x199c</run_address>
         <size>0xb4</size>
         <alignment>0x4</alignment>
         <input_file_ref idref="fl-1"/>
      </object_component>
      <object_component id="oc-8e">
         <name>.text.lp_leds_init</name>
         <load_address>0x1a50</load_address>
         <readonly>true</readonly>
         <executable>true</executable>
         <run_address>0x1a50</run_address>
         <size>0xa8</size>
         <alignment>0x4</alignment>
         <input_file_ref idref="fl-1"/>
      </object_component>
      <object_component id="oc-168">
         <name>.text</name>
         <load_address>0x1af8</load_address>
         <readonly>true</readonly>
         <executable>true</executable>
         <run_address>0x1af8</run_address>
         <size>0xa2</size>
         <alignment>0x4</alignment>
         <input_file_ref idref="fl-112"/>
      </object_component>
      <object_component id="oc-199">
         <name>.text.__aeabi_ldiv0</name>
         <load_address>0x1b9a</load_address>
         <readonly>true</readonly>
         <executable>true</executable>
         <run_address>0x1b9a</run_address>
         <size>0x2</size>
         <alignment>0x2</alignment>
         <input_file_ref idref="fl-115"/>
      </object_component>
      <object_component id="oc-1c">
         <name>.text:decompress:lzss</name>
         <load_address>0x1b9c</load_address>
         <readonly>true</readonly>
         <executable>true</executable>
         <run_address>0x1b9c</run_address>
         <size>0x7c</size>
         <alignment>0x4</alignment>
         <input_file_ref idref="fl-39"/>
      </object_component>
      <object_component id="oc-190">
         <name>.text.__gedf2</name>
         <load_address>0x1c18</load_address>
         <readonly>true</readonly>
         <executable>true</executable>
         <run_address>0x1c18</run_address>
         <size>0x74</size>
         <alignment>0x4</alignment>
         <input_file_ref idref="fl-114"/>
      </object_component>
      <object_component id="oc-18a">
         <name>.text.__ledf2</name>
         <load_address>0x1c8c</load_address>
         <readonly>true</readonly>
         <executable>true</executable>
         <run_address>0x1c8c</run_address>
         <size>0x68</size>
         <alignment>0x4</alignment>
         <input_file_ref idref="fl-114"/>
      </object_component>
      <object_component id="oc-189">
         <name>.text._mcpy</name>
         <load_address>0x1cf4</load_address>
         <readonly>true</readonly>
         <executable>true</executable>
         <run_address>0x1cf4</run_address>
         <size>0x66</size>
         <alignment>0x2</alignment>
         <input_file_ref idref="fl-3a"/>
      </object_component>
      <object_component id="oc-14e">
         <name>.text.__aeabi_dcmp</name>
         <load_address>0x1d5c</load_address>
         <readonly>true</readonly>
         <executable>true</executable>
         <run_address>0x1d5c</run_address>
         <size>0x62</size>
         <alignment>0x4</alignment>
         <input_file_ref idref="fl-10a"/>
      </object_component>
      <object_component id="oc-16d">
         <name>.text.frexp</name>
         <load_address>0x1dc0</load_address>
         <readonly>true</readonly>
         <executable>true</executable>
         <run_address>0x1dc0</run_address>
         <size>0x5c</size>
         <alignment>0x4</alignment>
         <input_file_ref idref="fl-3f"/>
      </object_component>
      <object_component id="oc-179">
         <name>.text.__TI_ltoa</name>
         <load_address>0x1e1c</load_address>
         <readonly>true</readonly>
         <executable>true</executable>
         <run_address>0x1e1c</run_address>
         <size>0x58</size>
         <alignment>0x2</alignment>
         <input_file_ref idref="fl-44"/>
      </object_component>
      <object_component id="oc-153">
         <name>.text._pconv_f</name>
         <load_address>0x1e74</load_address>
         <readonly>true</readonly>
         <executable>true</executable>
         <run_address>0x1e74</run_address>
         <size>0x58</size>
         <alignment>0x2</alignment>
         <input_file_ref idref="fl-3a"/>
      </object_component>
      <object_component id="oc-1a6">
         <name>.text.__aeabi_idivmod</name>
         <load_address>0x1ecc</load_address>
         <readonly>true</readonly>
         <executable>true</executable>
         <run_address>0x1ecc</run_address>
         <size>0x56</size>
         <alignment>0x4</alignment>
         <input_file_ref idref="fl-10c"/>
      </object_component>
      <object_component id="oc-187">
         <name>.text._ecpy</name>
         <load_address>0x1f22</load_address>
         <readonly>true</readonly>
         <executable>true</executable>
         <run_address>0x1f22</run_address>
         <size>0x52</size>
         <alignment>0x2</alignment>
         <input_file_ref idref="fl-3a"/>
      </object_component>
      <object_component id="oc-175">
         <name>.text.__fixdfsi</name>
         <load_address>0x1f74</load_address>
         <readonly>true</readonly>
         <executable>true</executable>
         <run_address>0x1f74</run_address>
         <size>0x4a</size>
         <alignment>0x4</alignment>
         <input_file_ref idref="fl-103"/>
      </object_component>
      <object_component id="oc-94">
         <name>.text.msp_printf</name>
         <load_address>0x1fbe</load_address>
         <readonly>true</readonly>
         <executable>true</executable>
         <run_address>0x1fbe</run_address>
         <size>0x46</size>
         <alignment>0x2</alignment>
         <input_file_ref idref="fl-4"/>
      </object_component>
      <object_component id="oc-ec">
         <name>.text.__fixunsdfsi</name>
         <load_address>0x2004</load_address>
         <readonly>true</readonly>
         <executable>true</executable>
         <run_address>0x2004</run_address>
         <size>0x42</size>
         <alignment>0x4</alignment>
         <input_file_ref idref="fl-104"/>
      </object_component>
      <object_component id="oc-e0">
         <name>.text.__aeabi_uidivmod</name>
         <load_address>0x2048</load_address>
         <readonly>true</readonly>
         <executable>true</executable>
         <run_address>0x2048</run_address>
         <size>0x40</size>
         <alignment>0x4</alignment>
         <input_file_ref idref="fl-10f"/>
      </object_component>
      <object_component id="oc-137">
         <name>.text.atoi</name>
         <load_address>0x2088</load_address>
         <readonly>true</readonly>
         <executable>true</executable>
         <run_address>0x2088</run_address>
         <size>0x40</size>
         <alignment>0x4</alignment>
         <input_file_ref idref="fl-46"/>
      </object_component>
      <object_component id="oc-be">
         <name>.text:__TI_auto_init_nobinit_nopinit</name>
         <load_address>0x20c8</load_address>
         <readonly>true</readonly>
         <executable>true</executable>
         <run_address>0x20c8</run_address>
         <size>0x3c</size>
         <alignment>0x4</alignment>
         <input_file_ref idref="fl-34"/>
      </object_component>
      <object_component id="oc-163">
         <name>.text.__muldsi3</name>
         <load_address>0x2104</load_address>
         <readonly>true</readonly>
         <executable>true</executable>
         <run_address>0x2104</run_address>
         <size>0x3a</size>
         <alignment>0x4</alignment>
         <input_file_ref idref="fl-fe"/>
      </object_component>
      <object_component id="oc-89">
         <name>.text.launchpad_gpio_init</name>
         <load_address>0x2140</load_address>
         <readonly>true</readonly>
         <executable>true</executable>
         <run_address>0x2140</run_address>
         <size>0x38</size>
         <alignment>0x4</alignment>
         <input_file_ref idref="fl-1"/>
      </object_component>
      <object_component id="oc-f2">
         <name>.text.sprintf</name>
         <load_address>0x2178</load_address>
         <readonly>true</readonly>
         <executable>true</executable>
         <run_address>0x2178</run_address>
         <size>0x38</size>
         <alignment>0x4</alignment>
         <input_file_ref idref="fl-2a"/>
      </object_component>
      <object_component id="oc-188">
         <name>.text._fcpy</name>
         <load_address>0x21b0</load_address>
         <readonly>true</readonly>
         <executable>true</executable>
         <run_address>0x21b0</run_address>
         <size>0x30</size>
         <alignment>0x2</alignment>
         <input_file_ref idref="fl-3a"/>
      </object_component>
      <object_component id="oc-f8">
         <name>.text.UART_out_char</name>
         <load_address>0x21e0</load_address>
         <readonly>true</readonly>
         <executable>true</executable>
         <run_address>0x21e0</run_address>
         <size>0x2c</size>
         <alignment>0x4</alignment>
         <input_file_ref idref="fl-7"/>
      </object_component>
      <object_component id="oc-17d">
         <name>.text.__floatsidf</name>
         <load_address>0x220c</load_address>
         <readonly>true</readonly>
         <executable>true</executable>
         <run_address>0x220c</run_address>
         <size>0x2c</size>
         <alignment>0x4</alignment>
         <input_file_ref idref="fl-105"/>
      </object_component>
      <object_component id="oc-52">
         <name>.text:_c_int00_noargs</name>
         <load_address>0x2238</load_address>
         <readonly>true</readonly>
         <executable>true</executable>
         <run_address>0x2238</run_address>
         <size>0x28</size>
         <alignment>0x4</alignment>
         <input_file_ref idref="fl-32"/>
      </object_component>
      <object_component id="oc-e4">
         <name>.text.__floatunsidf</name>
         <load_address>0x2260</load_address>
         <readonly>true</readonly>
         <executable>true</executable>
         <run_address>0x2260</run_address>
         <size>0x24</size>
         <alignment>0x4</alignment>
         <input_file_ref idref="fl-107"/>
      </object_component>
      <object_component id="oc-144">
         <name>.text.__muldi3</name>
         <load_address>0x2284</load_address>
         <readonly>true</readonly>
         <executable>true</executable>
         <run_address>0x2284</run_address>
         <size>0x24</size>
         <alignment>0x4</alignment>
         <input_file_ref idref="fl-108"/>
      </object_component>
      <object_component id="oc-130">
         <name>.text.memccpy</name>
         <load_address>0x22a8</load_address>
         <readonly>true</readonly>
         <executable>true</executable>
         <run_address>0x22a8</run_address>
         <size>0x22</size>
         <alignment>0x2</alignment>
         <input_file_ref idref="fl-47"/>
      </object_component>
      <object_component id="oc-19a">
         <name>.text.__ashldi3</name>
         <load_address>0x22cc</load_address>
         <readonly>true</readonly>
         <executable>true</executable>
         <run_address>0x22cc</run_address>
         <size>0x1e</size>
         <alignment>0x4</alignment>
         <input_file_ref idref="fl-113"/>
      </object_component>
      <object_component id="oc-114">
         <name>.text._outs</name>
         <load_address>0x22ea</load_address>
         <readonly>true</readonly>
         <executable>true</executable>
         <run_address>0x22ea</run_address>
         <size>0x18</size>
         <alignment>0x2</alignment>
         <input_file_ref idref="fl-2a"/>
      </object_component>
      <object_component id="oc-149">
         <name>.text.__aeabi_uldivmod</name>
         <load_address>0x2304</load_address>
         <readonly>true</readonly>
         <executable>true</executable>
         <run_address>0x2304</run_address>
         <size>0x14</size>
         <alignment>0x4</alignment>
         <input_file_ref idref="fl-110"/>
      </object_component>
      <object_component id="oc-186">
         <name>.text.strchr</name>
         <load_address>0x2318</load_address>
         <readonly>true</readonly>
         <executable>true</executable>
         <run_address>0x2318</run_address>
         <size>0x14</size>
         <alignment>0x2</alignment>
         <input_file_ref idref="fl-3a"/>
      </object_component>
      <object_component id="oc-7a">
         <name>.text:TI_memcpy_small</name>
         <load_address>0x232c</load_address>
         <readonly>true</readonly>
         <executable>true</executable>
         <run_address>0x232c</run_address>
         <size>0x12</size>
         <alignment>0x1</alignment>
         <input_file_ref idref="fl-117"/>
      </object_component>
      <object_component id="oc-20">
         <name>.text:decompress:none</name>
         <load_address>0x233e</load_address>
         <readonly>true</readonly>
         <executable>true</executable>
         <run_address>0x233e</run_address>
         <size>0x12</size>
         <alignment>0x2</alignment>
         <input_file_ref idref="fl-38"/>
      </object_component>
      <object_component id="oc-da">
         <name>.text.clock_delay</name>
         <load_address>0x2350</load_address>
         <readonly>true</readonly>
         <executable>true</executable>
         <run_address>0x2350</run_address>
         <size>0x10</size>
         <alignment>0x2</alignment>
         <input_file_ref idref="fl-3"/>
      </object_component>
      <object_component id="oc-13b">
         <name>.text.wcslen</name>
         <load_address>0x2360</load_address>
         <readonly>true</readonly>
         <executable>true</executable>
         <run_address>0x2360</run_address>
         <size>0x10</size>
         <alignment>0x2</alignment>
         <input_file_ref idref="fl-41"/>
      </object_component>
      <object_component id="oc-12f">
         <name>.text.__aeabi_memset</name>
         <load_address>0x2370</load_address>
         <readonly>true</readonly>
         <executable>true</executable>
         <run_address>0x2370</run_address>
         <size>0xe</size>
         <alignment>0x4</alignment>
         <input_file_ref idref="fl-10e"/>
      </object_component>
      <object_component id="oc-12e">
         <name>.text.strlen</name>
         <load_address>0x237e</load_address>
         <readonly>true</readonly>
         <executable>true</executable>
         <run_address>0x237e</run_address>
         <size>0xe</size>
         <alignment>0x2</alignment>
         <input_file_ref idref="fl-3a"/>
      </object_component>
      <object_component id="oc-d1">
         <name>.text:TI_memset_small</name>
         <load_address>0x238c</load_address>
         <readonly>true</readonly>
         <executable>true</executable>
         <run_address>0x238c</run_address>
         <size>0xe</size>
         <alignment>0x1</alignment>
         <input_file_ref idref="fl-118"/>
      </object_component>
      <object_component id="oc-df">
         <name>.text.get_bus_clock_freq</name>
         <load_address>0x239c</load_address>
         <readonly>true</readonly>
         <executable>true</executable>
         <run_address>0x239c</run_address>
         <size>0xc</size>
         <alignment>0x4</alignment>
         <input_file_ref idref="fl-3"/>
      </object_component>
      <object_component id="oc-181">
         <name>.text.OUTLINED_FUNCTION_0</name>
         <load_address>0x23a8</load_address>
         <readonly>true</readonly>
         <executable>true</executable>
         <run_address>0x23a8</run_address>
         <size>0xa</size>
         <alignment>0x2</alignment>
         <input_file_ref idref="fl-3a"/>
      </object_component>
      <object_component id="oc-1fb">
         <name>.tramp.__aeabi_dsub.1</name>
         <load_address>0x23b4</load_address>
         <readonly>true</readonly>
         <executable>true</executable>
         <run_address>0x23b4</run_address>
         <size>0x10</size>
         <alignment>0x4</alignment>
         <input_file_ref idref="fl-fc"/>
      </object_component>
      <object_component id="oc-197">
         <name>.text.OUTLINED_FUNCTION_1</name>
         <load_address>0x23c4</load_address>
         <readonly>true</readonly>
         <executable>true</executable>
         <run_address>0x23c4</run_address>
         <size>0xa</size>
         <alignment>0x2</alignment>
         <input_file_ref idref="fl-3a"/>
      </object_component>
      <object_component id="oc-115">
         <name>.text._outc</name>
         <load_address>0x23ce</load_address>
         <readonly>true</readonly>
         <executable>true</executable>
         <run_address>0x23ce</run_address>
         <size>0xa</size>
         <alignment>0x2</alignment>
         <input_file_ref idref="fl-2a"/>
      </object_component>
      <object_component id="oc-13f">
         <name>.text.__aeabi_errno_addr</name>
         <load_address>0x23d8</load_address>
         <readonly>true</readonly>
         <executable>true</executable>
         <run_address>0x23d8</run_address>
         <size>0x8</size>
         <alignment>0x4</alignment>
         <input_file_ref idref="fl-2e"/>
      </object_component>
      <object_component id="oc-42">
         <name>.text.__aeabi_memcpy</name>
         <load_address>0x23e0</load_address>
         <readonly>true</readonly>
         <executable>true</executable>
         <run_address>0x23e0</run_address>
         <size>0x8</size>
         <alignment>0x4</alignment>
         <input_file_ref idref="fl-10d"/>
      </object_component>
      <object_component id="oc-b7">
         <name>.text:abort</name>
         <load_address>0x23e8</load_address>
         <readonly>true</readonly>
         <executable>true</executable>
         <run_address>0x23e8</run_address>
         <size>0x6</size>
         <alignment>0x2</alignment>
         <input_file_ref idref="fl-42"/>
      </object_component>
      <object_component id="oc-35">
         <name>.text.Default_Handler</name>
         <load_address>0x23ee</load_address>
         <readonly>true</readonly>
         <executable>true</executable>
         <run_address>0x23ee</run_address>
         <size>0x4</size>
         <alignment>0x2</alignment>
         <input_file_ref idref="fl-8"/>
      </object_component>
      <object_component id="oc-f9">
         <name>.text.HOSTexit</name>
         <load_address>0x23f2</load_address>
         <readonly>true</readonly>
         <executable>true</executable>
         <run_address>0x23f2</run_address>
         <size>0x4</size>
         <alignment>0x2</alignment>
         <input_file_ref idref="fl-eb"/>
      </object_component>
      <object_component id="oc-36">
         <name>.text.HardFault_Handler</name>
         <load_address>0x23f6</load_address>
         <readonly>true</readonly>
         <executable>true</executable>
         <run_address>0x23f6</run_address>
         <size>0x4</size>
         <alignment>0x2</alignment>
         <input_file_ref idref="fl-8"/>
      </object_component>
      <object_component id="oc-31">
         <name>.text.Reset_Handler</name>
         <load_address>0x23fa</load_address>
         <readonly>true</readonly>
         <executable>true</executable>
         <run_address>0x23fa</run_address>
         <size>0x4</size>
         <alignment>0x2</alignment>
         <input_file_ref idref="fl-8"/>
      </object_component>
      <object_component id="oc-67">
         <name>.text._system_pre_init</name>
         <load_address>0x23fe</load_address>
         <readonly>true</readonly>
         <executable>true</executable>
         <run_address>0x23fe</run_address>
         <size>0x4</size>
         <alignment>0x2</alignment>
         <input_file_ref idref="fl-35"/>
      </object_component>
      <object_component id="oc-1f7">
         <name>.cinit..data.load</name>
         <load_address>0x2a00</load_address>
         <readonly>true</readonly>
         <run_address>0x2a00</run_address>
         <size>0xa</size>
         <alignment>0x1</alignment>
      </object_component>
      <object_component id="oc-1f5">
         <name>__TI_handler_table</name>
         <load_address>0x2a0c</load_address>
         <readonly>true</readonly>
         <run_address>0x2a0c</run_address>
         <size>0x8</size>
         <alignment>0x4</alignment>
      </object_component>
      <object_component id="oc-1f6">
         <name>__TI_cinit_table</name>
         <load_address>0x2a14</load_address>
         <readonly>true</readonly>
         <run_address>0x2a14</run_address>
         <size>0x8</size>
         <alignment>0x4</alignment>
      </object_component>
      <object_component id="oc-158">
         <name>.rodata:__aeabi_ctype_table_</name>
         <load_address>0x2410</load_address>
         <readonly>true</readonly>
         <run_address>0x2410</run_address>
         <size>0x101</size>
         <alignment>0x10</alignment>
         <input_file_ref idref="fl-4a"/>
      </object_component>
      <object_component id="oc-97">
         <name>.rodata.str1.6209160692595852072.1</name>
         <load_address>0x2511</load_address>
         <readonly>true</readonly>
         <run_address>0x2511</run_address>
         <size>0x3f</size>
         <alignment>0x1</alignment>
         <input_file_ref idref="fl-4"/>
      </object_component>
      <object_component id="oc-de">
         <name>.rodata.lp_led_config_data</name>
         <load_address>0x2550</load_address>
         <readonly>true</readonly>
         <run_address>0x2550</run_address>
         <size>0x30</size>
         <alignment>0x4</alignment>
         <input_file_ref idref="fl-1"/>
      </object_component>
      <object_component id="oc-96">
         <name>.rodata.str1.2754722389991878745.1</name>
         <load_address>0x2580</load_address>
         <readonly>true</readonly>
         <run_address>0x2580</run_address>
         <size>0x30</size>
         <alignment>0x1</alignment>
         <input_file_ref idref="fl-4"/>
      </object_component>
      <object_component id="oc-ac">
         <name>.rodata.str1.10007894870331955799.1</name>
         <load_address>0x25b0</load_address>
         <readonly>true</readonly>
         <run_address>0x25b0</run_address>
         <size>0x28</size>
         <alignment>0x1</alignment>
         <input_file_ref idref="fl-4"/>
      </object_component>
      <object_component id="oc-a8">
         <name>.rodata.str1.10653709195359374975.1</name>
         <load_address>0x25d8</load_address>
         <readonly>true</readonly>
         <run_address>0x25d8</run_address>
         <size>0x28</size>
         <alignment>0x1</alignment>
         <input_file_ref idref="fl-4"/>
      </object_component>
      <object_component id="oc-a4">
         <name>.rodata.str1.10975912345205171544.1</name>
         <load_address>0x2600</load_address>
         <readonly>true</readonly>
         <run_address>0x2600</run_address>
         <size>0x28</size>
         <alignment>0x1</alignment>
         <input_file_ref idref="fl-4"/>
      </object_component>
      <object_component id="oc-ab">
         <name>.rodata.str1.1116335212985308817.1</name>
         <load_address>0x2628</load_address>
         <readonly>true</readonly>
         <run_address>0x2628</run_address>
         <size>0x28</size>
         <alignment>0x1</alignment>
         <input_file_ref idref="fl-4"/>
      </object_component>
      <object_component id="oc-b3">
         <name>.rodata.str1.11364721978694550809.1</name>
         <load_address>0x2650</load_address>
         <readonly>true</readonly>
         <run_address>0x2650</run_address>
         <size>0x28</size>
         <alignment>0x1</alignment>
         <input_file_ref idref="fl-4"/>
      </object_component>
      <object_component id="oc-b0">
         <name>.rodata.str1.1228273355335215825.1</name>
         <load_address>0x2678</load_address>
         <readonly>true</readonly>
         <run_address>0x2678</run_address>
         <size>0x28</size>
         <alignment>0x1</alignment>
         <input_file_ref idref="fl-4"/>
      </object_component>
      <object_component id="oc-b2">
         <name>.rodata.str1.12767018567730621689.1</name>
         <load_address>0x26a0</load_address>
         <readonly>true</readonly>
         <run_address>0x26a0</run_address>
         <size>0x28</size>
         <alignment>0x1</alignment>
         <input_file_ref idref="fl-4"/>
      </object_component>
      <object_component id="oc-aa">
         <name>.rodata.str1.13776524250621666208.1</name>
         <load_address>0x26c8</load_address>
         <readonly>true</readonly>
         <run_address>0x26c8</run_address>
         <size>0x28</size>
         <alignment>0x1</alignment>
         <input_file_ref idref="fl-4"/>
      </object_component>
      <object_component id="oc-af">
         <name>.rodata.str1.14118923730476711020.1</name>
         <load_address>0x26f0</load_address>
         <readonly>true</readonly>
         <run_address>0x26f0</run_address>
         <size>0x28</size>
         <alignment>0x1</alignment>
         <input_file_ref idref="fl-4"/>
      </object_component>
      <object_component id="oc-ad">
         <name>.rodata.str1.14306640097589457656.1</name>
         <load_address>0x2718</load_address>
         <readonly>true</readonly>
         <run_address>0x2718</run_address>
         <size>0x28</size>
         <alignment>0x1</alignment>
         <input_file_ref idref="fl-4"/>
      </object_component>
      <object_component id="oc-b1">
         <name>.rodata.str1.18072915639258875630.1</name>
         <load_address>0x2740</load_address>
         <readonly>true</readonly>
         <run_address>0x2740</run_address>
         <size>0x28</size>
         <alignment>0x1</alignment>
         <input_file_ref idref="fl-4"/>
      </object_component>
      <object_component id="oc-a5">
         <name>.rodata.str1.2070656471110310446.1</name>
         <load_address>0x2768</load_address>
         <readonly>true</readonly>
         <run_address>0x2768</run_address>
         <size>0x28</size>
         <alignment>0x1</alignment>
         <input_file_ref idref="fl-4"/>
      </object_component>
      <object_component id="oc-a9">
         <name>.rodata.str1.3725077120360530507.1</name>
         <load_address>0x2790</load_address>
         <readonly>true</readonly>
         <run_address>0x2790</run_address>
         <size>0x28</size>
         <alignment>0x1</alignment>
         <input_file_ref idref="fl-4"/>
      </object_component>
      <object_component id="oc-ae">
         <name>.rodata.str1.7424588447940985723.1</name>
         <load_address>0x27b8</load_address>
         <readonly>true</readonly>
         <run_address>0x27b8</run_address>
         <size>0x28</size>
         <alignment>0x1</alignment>
         <input_file_ref idref="fl-4"/>
      </object_component>
      <object_component id="oc-9f">
         <name>.rodata.str1.13047056264672938804.1</name>
         <load_address>0x27e0</load_address>
         <readonly>true</readonly>
         <run_address>0x27e0</run_address>
         <size>0x23</size>
         <alignment>0x1</alignment>
         <input_file_ref idref="fl-4"/>
      </object_component>
      <object_component id="oc-a6">
         <name>.rodata.str1.1458354521046188755.1</name>
         <load_address>0x2803</load_address>
         <readonly>true</readonly>
         <run_address>0x2803</run_address>
         <size>0x23</size>
         <alignment>0x1</alignment>
         <input_file_ref idref="fl-4"/>
      </object_component>
      <object_component id="oc-a7">
         <name>.rodata.str1.3674846113578640563.1</name>
         <load_address>0x2826</load_address>
         <readonly>true</readonly>
         <run_address>0x2826</run_address>
         <size>0x23</size>
         <alignment>0x1</alignment>
         <input_file_ref idref="fl-4"/>
      </object_component>
      <object_component id="oc-9e">
         <name>.rodata.str1.9974271164587651470.1</name>
         <load_address>0x2849</load_address>
         <readonly>true</readonly>
         <run_address>0x2849</run_address>
         <size>0x23</size>
         <alignment>0x1</alignment>
         <input_file_ref idref="fl-4"/>
      </object_component>
      <object_component id="oc-9d">
         <name>.rodata.str1.10464317445483079281.1</name>
         <load_address>0x286c</load_address>
         <readonly>true</readonly>
         <run_address>0x286c</run_address>
         <size>0x22</size>
         <alignment>0x1</alignment>
         <input_file_ref idref="fl-4"/>
      </object_component>
      <object_component id="oc-9a">
         <name>.rodata.str1.11134048468798025817.1</name>
         <load_address>0x288e</load_address>
         <readonly>true</readonly>
         <run_address>0x288e</run_address>
         <size>0x22</size>
         <alignment>0x1</alignment>
         <input_file_ref idref="fl-4"/>
      </object_component>
      <object_component id="oc-98">
         <name>.rodata.str1.12014269199520407456.1</name>
         <load_address>0x28b0</load_address>
         <readonly>true</readonly>
         <run_address>0x28b0</run_address>
         <size>0x22</size>
         <alignment>0x1</alignment>
         <input_file_ref idref="fl-4"/>
      </object_component>
      <object_component id="oc-9c">
         <name>.rodata.str1.12031078737653537085.1</name>
         <load_address>0x28d2</load_address>
         <readonly>true</readonly>
         <run_address>0x28d2</run_address>
         <size>0x22</size>
         <alignment>0x1</alignment>
         <input_file_ref idref="fl-4"/>
      </object_component>
      <object_component id="oc-9b">
         <name>.rodata.str1.1280413141959765380.1</name>
         <load_address>0x28f4</load_address>
         <readonly>true</readonly>
         <run_address>0x28f4</run_address>
         <size>0x22</size>
         <alignment>0x1</alignment>
         <input_file_ref idref="fl-4"/>
      </object_component>
      <object_component id="oc-99">
         <name>.rodata.str1.15148821900835169461.1</name>
         <load_address>0x2916</load_address>
         <readonly>true</readonly>
         <run_address>0x2916</run_address>
         <size>0x22</size>
         <alignment>0x1</alignment>
         <input_file_ref idref="fl-4"/>
      </object_component>
      <object_component id="oc-a3">
         <name>.rodata.str1.8783379425366822856.1</name>
         <load_address>0x2938</load_address>
         <readonly>true</readonly>
         <run_address>0x2938</run_address>
         <size>0x21</size>
         <alignment>0x1</alignment>
         <input_file_ref idref="fl-4"/>
      </object_component>
      <object_component id="oc-a2">
         <name>.rodata.str1.5471155735336046856.1</name>
         <load_address>0x2959</load_address>
         <readonly>true</readonly>
         <run_address>0x2959</run_address>
         <size>0x1e</size>
         <alignment>0x1</alignment>
         <input_file_ref idref="fl-4"/>
      </object_component>
      <object_component id="oc-a1">
         <name>.rodata.str1.5709673331228530730.1</name>
         <load_address>0x2977</load_address>
         <readonly>true</readonly>
         <run_address>0x2977</run_address>
         <size>0x1e</size>
         <alignment>0x1</alignment>
         <input_file_ref idref="fl-4"/>
      </object_component>
      <object_component id="oc-b4">
         <name>.rodata.str1.6458810794680838658.1</name>
         <load_address>0x2995</load_address>
         <readonly>true</readonly>
         <run_address>0x2995</run_address>
         <size>0x1e</size>
         <alignment>0x1</alignment>
         <input_file_ref idref="fl-4"/>
      </object_component>
      <object_component id="oc-95">
         <name>.rodata.str1.3840634230603135999.1</name>
         <load_address>0x29b3</load_address>
         <readonly>true</readonly>
         <run_address>0x29b3</run_address>
         <size>0x1d</size>
         <alignment>0x1</alignment>
         <input_file_ref idref="fl-4"/>
      </object_component>
      <object_component id="oc-148">
         <name>.rodata.str1.10348868589481759720.1</name>
         <load_address>0x29d0</load_address>
         <readonly>true</readonly>
         <run_address>0x29d0</run_address>
         <size>0x11</size>
         <alignment>0x1</alignment>
         <input_file_ref idref="fl-3a"/>
      </object_component>
      <object_component id="oc-134">
         <name>.rodata.str1.15363888844622738466.1</name>
         <load_address>0x29e1</load_address>
         <readonly>true</readonly>
         <run_address>0x29e1</run_address>
         <size>0x11</size>
         <alignment>0x1</alignment>
         <input_file_ref idref="fl-3a"/>
      </object_component>
      <object_component id="oc-a0">
         <name>.rodata.str1.17448577630305166525.1</name>
         <load_address>0x29f2</load_address>
         <readonly>true</readonly>
         <run_address>0x29f2</run_address>
         <size>0x3</size>
         <alignment>0x1</alignment>
         <input_file_ref idref="fl-4"/>
      </object_component>
      <object_component id="oc-1bd">
         <name>.binit</name>
         <load_address>0x0</load_address>
         <readonly>true</readonly>
         <run_address>0x0</run_address>
         <size>0x0</size>
         <alignment>0x4</alignment>
      </object_component>
      <object_component id="oc-d7">
         <name>.data.g_bus_clock_freq</name>
         <load_address>0x20200804</load_address>
         <readwrite>true</readwrite>
         <run_address>0x20200804</run_address>
         <size>0x4</size>
         <alignment>0x4</alignment>
         <input_file_ref idref="fl-3"/>
      </object_component>
      <object_component id="oc-15f">
         <name>.data.__aeabi_errno</name>
         <load_address>0x20200800</load_address>
         <readwrite>true</readwrite>
         <run_address>0x20200800</run_address>
         <size>0x4</size>
         <alignment>0x4</alignment>
         <input_file_ref idref="fl-2e"/>
      </object_component>
      <object_component id="oc-2f">
         <name>.sysmem</name>
         <uninitialized>true</uninitialized>
         <readwrite>true</readwrite>
         <run_address>0x20200000</run_address>
         <size>0x10</size>
         <alignment>0x8</alignment>
         <input_file_ref idref="fl-31"/>
      </object_component>
      <object_component id="oc-1fa">
         <name>.sysmem</name>
         <uninitialized>true</uninitialized>
         <readwrite>true</readwrite>
         <run_address>0x20200000</run_address>
         <size>0x0</size>
         <alignment>0x4</alignment>
      </object_component>
      <object_component id="oc-1a">
         <name>.stack</name>
         <uninitialized>true</uninitialized>
         <readwrite>true</readwrite>
         <run_address>0x20207e00</run_address>
         <size>0x4</size>
         <alignment>0x4</alignment>
         <input_file_ref idref="fl-32"/>
      </object_component>
      <object_component id="oc-1f9">
         <name>.stack</name>
         <uninitialized>true</uninitialized>
         <readwrite>true</readwrite>
         <run_address>0x20207e00</run_address>
         <size>0x0</size>
         <alignment>0x8</alignment>
      </object_component>
      <object_component id="oc-db">
         <name>.debug_abbrev</name>
         <load_address>0x0</load_address>
         <run_address>0x0</run_address>
         <size>0x17e</size>
         <alignment>0x1</alignment>
         <input_file_ref idref="fl-1"/>
      </object_component>
      <object_component id="oc-d8">
         <name>.debug_abbrev</name>
         <load_address>0x17e</load_address>
         <run_address>0x17e</run_address>
         <size>0x198</size>
         <alignment>0x1</alignment>
         <input_file_ref idref="fl-3"/>
      </object_component>
      <object_component id="oc-b5">
         <name>.debug_abbrev</name>
         <load_address>0x316</load_address>
         <run_address>0x316</run_address>
         <size>0xde</size>
         <alignment>0x1</alignment>
         <input_file_ref idref="fl-4"/>
      </object_component>
      <object_component id="oc-f0">
         <name>.debug_abbrev</name>
         <load_address>0x3f4</load_address>
         <run_address>0x3f4</run_address>
         <size>0x10d</size>
         <alignment>0x1</alignment>
         <input_file_ref idref="fl-7"/>
      </object_component>
      <object_component id="oc-37">
         <name>.debug_abbrev</name>
         <load_address>0x501</load_address>
         <run_address>0x501</run_address>
         <size>0x6d</size>
         <alignment>0x1</alignment>
         <input_file_ref idref="fl-8"/>
      </object_component>
      <object_component id="oc-116">
         <name>.debug_abbrev</name>
         <load_address>0x56e</load_address>
         <run_address>0x56e</run_address>
         <size>0xe1</size>
         <alignment>0x1</alignment>
         <input_file_ref idref="fl-2a"/>
      </object_component>
      <object_component id="oc-160">
         <name>.debug_abbrev</name>
         <load_address>0x64f</load_address>
         <run_address>0x64f</run_address>
         <size>0x148</size>
         <alignment>0x1</alignment>
         <input_file_ref idref="fl-2e"/>
      </object_component>
      <object_component id="oc-59">
         <name>.debug_abbrev</name>
         <load_address>0x797</load_address>
         <run_address>0x797</run_address>
         <size>0x299</size>
         <alignment>0x1</alignment>
         <input_file_ref idref="fl-31"/>
      </object_component>
      <object_component id="oc-39">
         <name>.debug_abbrev</name>
         <load_address>0xa30</load_address>
         <run_address>0xa30</run_address>
         <size>0xaf</size>
         <alignment>0x1</alignment>
         <input_file_ref idref="fl-32"/>
      </object_component>
      <object_component id="oc-103">
         <name>.debug_abbrev</name>
         <load_address>0xadf</load_address>
         <run_address>0xadf</run_address>
         <size>0x170</size>
         <alignment>0x1</alignment>
         <input_file_ref idref="fl-34"/>
      </object_component>
      <object_component id="oc-82">
         <name>.debug_abbrev</name>
         <load_address>0xc4f</load_address>
         <run_address>0xc4f</run_address>
         <size>0x39</size>
         <alignment>0x1</alignment>
         <input_file_ref idref="fl-35"/>
      </object_component>
      <object_component id="oc-46">
         <name>.debug_abbrev</name>
         <load_address>0xc88</load_address>
         <run_address>0xc88</run_address>
         <size>0x70</size>
         <alignment>0x1</alignment>
         <input_file_ref idref="fl-38"/>
      </object_component>
      <object_component id="oc-3e">
         <name>.debug_abbrev</name>
         <load_address>0xcf8</load_address>
         <run_address>0xcf8</run_address>
         <size>0x8d</size>
         <alignment>0x1</alignment>
         <input_file_ref idref="fl-39"/>
      </object_component>
      <object_component id="oc-135">
         <name>.debug_abbrev</name>
         <load_address>0xd85</load_address>
         <run_address>0xd85</run_address>
         <size>0x2a3</size>
         <alignment>0x1</alignment>
         <input_file_ref idref="fl-3a"/>
      </object_component>
      <object_component id="oc-19f">
         <name>.debug_abbrev</name>
         <load_address>0x1028</load_address>
         <run_address>0x1028</run_address>
         <size>0x81</size>
         <alignment>0x1</alignment>
         <input_file_ref idref="fl-3f"/>
      </object_component>
      <object_component id="oc-1a2">
         <name>.debug_abbrev</name>
         <load_address>0x10a9</load_address>
         <run_address>0x10a9</run_address>
         <size>0x88</size>
         <alignment>0x1</alignment>
         <input_file_ref idref="fl-40"/>
      </object_component>
      <object_component id="oc-15c">
         <name>.debug_abbrev</name>
         <load_address>0x1131</load_address>
         <run_address>0x1131</run_address>
         <size>0x72</size>
         <alignment>0x1</alignment>
         <input_file_ref idref="fl-41"/>
      </object_component>
      <object_component id="oc-fd">
         <name>.debug_abbrev</name>
         <load_address>0x11a3</load_address>
         <run_address>0x11a3</run_address>
         <size>0x98</size>
         <alignment>0x1</alignment>
         <input_file_ref idref="fl-42"/>
      </object_component>
      <object_component id="oc-1aa">
         <name>.debug_abbrev</name>
         <load_address>0x123b</load_address>
         <run_address>0x123b</run_address>
         <size>0x95</size>
         <alignment>0x1</alignment>
         <input_file_ref idref="fl-44"/>
      </object_component>
      <object_component id="oc-159">
         <name>.debug_abbrev</name>
         <load_address>0x12d0</load_address>
         <run_address>0x12d0</run_address>
         <size>0x72</size>
         <alignment>0x1</alignment>
         <input_file_ref idref="fl-46"/>
      </object_component>
      <object_component id="oc-155">
         <name>.debug_abbrev</name>
         <load_address>0x1342</load_address>
         <run_address>0x1342</run_address>
         <size>0x8b</size>
         <alignment>0x1</alignment>
         <input_file_ref idref="fl-47"/>
      </object_component>
      <object_component id="oc-118">
         <name>.debug_abbrev</name>
         <load_address>0x13cd</load_address>
         <run_address>0x13cd</run_address>
         <size>0x2c</size>
         <alignment>0x1</alignment>
         <input_file_ref idref="fl-eb"/>
      </object_component>
      <object_component id="oc-111">
         <name>.debug_abbrev</name>
         <load_address>0x13f9</load_address>
         <run_address>0x13f9</run_address>
         <size>0x27</size>
         <alignment>0x1</alignment>
         <input_file_ref idref="fl-fc"/>
      </object_component>
      <object_component id="oc-1ae">
         <name>.debug_abbrev</name>
         <load_address>0x1420</load_address>
         <run_address>0x1420</run_address>
         <size>0x27</size>
         <alignment>0x1</alignment>
         <input_file_ref idref="fl-fd"/>
      </object_component>
      <object_component id="oc-198">
         <name>.debug_abbrev</name>
         <load_address>0x1447</load_address>
         <run_address>0x1447</run_address>
         <size>0x27</size>
         <alignment>0x1</alignment>
         <input_file_ref idref="fl-fe"/>
      </object_component>
      <object_component id="oc-1b1">
         <name>.debug_abbrev</name>
         <load_address>0x146e</load_address>
         <run_address>0x146e</run_address>
         <size>0x27</size>
         <alignment>0x1</alignment>
         <input_file_ref idref="fl-101"/>
      </object_component>
      <object_component id="oc-1a5">
         <name>.debug_abbrev</name>
         <load_address>0x1495</load_address>
         <run_address>0x1495</run_address>
         <size>0x27</size>
         <alignment>0x1</alignment>
         <input_file_ref idref="fl-103"/>
      </object_component>
      <object_component id="oc-112">
         <name>.debug_abbrev</name>
         <load_address>0x14bc</load_address>
         <run_address>0x14bc</run_address>
         <size>0x27</size>
         <alignment>0x1</alignment>
         <input_file_ref idref="fl-104"/>
      </object_component>
      <object_component id="oc-1ad">
         <name>.debug_abbrev</name>
         <load_address>0x14e3</load_address>
         <run_address>0x14e3</run_address>
         <size>0x27</size>
         <alignment>0x1</alignment>
         <input_file_ref idref="fl-105"/>
      </object_component>
      <object_component id="oc-110">
         <name>.debug_abbrev</name>
         <load_address>0x150a</load_address>
         <run_address>0x150a</run_address>
         <size>0x27</size>
         <alignment>0x1</alignment>
         <input_file_ref idref="fl-107"/>
      </object_component>
      <object_component id="oc-167">
         <name>.debug_abbrev</name>
         <load_address>0x1531</load_address>
         <run_address>0x1531</run_address>
         <size>0x27</size>
         <alignment>0x1</alignment>
         <input_file_ref idref="fl-108"/>
      </object_component>
      <object_component id="oc-191">
         <name>.debug_abbrev</name>
         <load_address>0x1558</load_address>
         <run_address>0x1558</run_address>
         <size>0x27</size>
         <alignment>0x1</alignment>
         <input_file_ref idref="fl-10a"/>
      </object_component>
      <object_component id="oc-1b3">
         <name>.debug_abbrev</name>
         <load_address>0x157f</load_address>
         <run_address>0x157f</run_address>
         <size>0x27</size>
         <alignment>0x1</alignment>
         <input_file_ref idref="fl-10c"/>
      </object_component>
      <object_component id="oc-5f">
         <name>.debug_abbrev</name>
         <load_address>0x15a6</load_address>
         <run_address>0x15a6</run_address>
         <size>0x27</size>
         <alignment>0x1</alignment>
         <input_file_ref idref="fl-10d"/>
      </object_component>
      <object_component id="oc-81">
         <name>.debug_abbrev</name>
         <load_address>0x15cd</load_address>
         <run_address>0x15cd</run_address>
         <size>0x25</size>
         <alignment>0x1</alignment>
         <input_file_ref idref="fl-10e"/>
      </object_component>
      <object_component id="oc-10f">
         <name>.debug_abbrev</name>
         <load_address>0x15f2</load_address>
         <run_address>0x15f2</run_address>
         <size>0x27</size>
         <alignment>0x1</alignment>
         <input_file_ref idref="fl-10f"/>
      </object_component>
      <object_component id="oc-16c">
         <name>.debug_abbrev</name>
         <load_address>0x1619</load_address>
         <run_address>0x1619</run_address>
         <size>0x27</size>
         <alignment>0x1</alignment>
         <input_file_ref idref="fl-110"/>
      </object_component>
      <object_component id="oc-19e">
         <name>.debug_abbrev</name>
         <load_address>0x1640</load_address>
         <run_address>0x1640</run_address>
         <size>0x27</size>
         <alignment>0x1</alignment>
         <input_file_ref idref="fl-112"/>
      </object_component>
      <object_component id="oc-1b2">
         <name>.debug_abbrev</name>
         <load_address>0x1667</load_address>
         <run_address>0x1667</run_address>
         <size>0x27</size>
         <alignment>0x1</alignment>
         <input_file_ref idref="fl-113"/>
      </object_component>
      <object_component id="oc-1af">
         <name>.debug_abbrev</name>
         <load_address>0x168e</load_address>
         <run_address>0x168e</run_address>
         <size>0xc8</size>
         <alignment>0x1</alignment>
         <input_file_ref idref="fl-114"/>
      </object_component>
      <object_component id="oc-123">
         <name>.debug_abbrev</name>
         <load_address>0x1756</load_address>
         <run_address>0x1756</run_address>
         <size>0x59</size>
         <alignment>0x1</alignment>
         <input_file_ref idref="fl-115"/>
      </object_component>
      <object_component id="oc-d0">
         <name>.debug_abbrev</name>
         <load_address>0x17af</load_address>
         <run_address>0x17af</run_address>
         <size>0x25</size>
         <alignment>0x1</alignment>
         <input_file_ref idref="fl-117"/>
      </object_component>
      <object_component id="oc-109">
         <name>.debug_abbrev</name>
         <load_address>0x17d4</load_address>
         <run_address>0x17d4</run_address>
         <size>0x25</size>
         <alignment>0x1</alignment>
         <input_file_ref idref="fl-118"/>
[...]
         <object_component_ref idref="oc-df"/>
      </symbol>
      <symbol id="sm-58">
         <name>g_bus_clock_freq</name>
         <value>0x20200804</value>
         <object_component_ref idref="oc-d7"/>
      </symbol>
      <symbol id="sm-59">
         <name>clock_init_40mhz</name>
         <value>0x123d</value>
         <object_component_ref idref="oc-84"/>
      </symbol>
      <symbol id="sm-5a">
         <name>clock_delay</name>
         <value>0x2351</value>
         <object_component_ref idref="oc-da"/>
      </symbol>
      <symbol id="sm-86">
         <name>main</name>
         <value>0xcb1</value>
         <object_component_ref idref="oc-6b"/>
      </symbol>
      <symbol id="sm-87">
         <name>msp_printf</name>
         <value>0x1fbf</value>
         <object_component_ref idref="oc-94"/>
      </symbol>
      <symbol id="sm-96">
         <name>UART_init</name>
         <value>0x18c9</value>
         <object_component_ref idref="oc-8f"/>
      </symbol>
      <symbol id="sm-97">
         <name>UART_out_char</name>
         <value>0x21e1</value>
         <object_component_ref idref="oc-f8"/>
      </symbol>
      <symbol id="sm-a4">
         <name>Default_Handler</name>
         <value>0x23ef</value>
         <object_component_ref idref="oc-35"/>
      </symbol>
      <symbol id="sm-a5">
         <name>Reset_Handler</name>
         <value>0x23fb</value>
         <object_component_ref idref="oc-31"/>
      </symbol>
      <symbol id="sm-a6">
         <name>HardFault_Handler</name>
         <value>0x23f7</value>
         <object_component_ref idref="oc-36"/>
      </symbol>
      <symbol id="sm-a7">
         <name>interruptVectors</name>
         <value>0x0</value>
         <object_component_ref idref="oc-18"/>
      </symbol>
      <symbol id="sm-a8">
         <name>NMI_Handler</name>
         <value>0x23ef</value>
         <object_component_ref idref="oc-35"/>
      </symbol>
      <symbol id="sm-a9">
         <name>SVC_Handler</name>
         <value>0x23ef</value>
         <object_component_ref idref="oc-35"/>
      </symbol>
      <symbol id="sm-aa">
         <name>PendSV_Handler</name>
         <value>0x23ef</value>
         <object_component_ref idref="oc-35"/>
      </symbol>
      <symbol id="sm-ab">
         <name>SysTick_Handler</name>
         <value>0x23ef</value>
         <object_component_ref idref="oc-35"/>
      </symbol>
      <symbol id="sm-ac">
         <name>GROUP0_IRQHandler</name>
         <value>0x23ef</value>
         <object_component_ref idref="oc-35"/>
      </symbol>
      <symbol id="sm-ad">
         <name>GROUP1_IRQHandler</name>
         <value>0x23ef</value>
         <object_component_ref idref="oc-35"/>
      </symbol>
      <symbol id="sm-ae">
         <name>TIMG8_IRQHandler</name>
         <value>0x23ef</value>
         <object_component_ref idref="oc-35"/>
      </symbol>
      <symbol id="sm-af">
         <name>UART3_IRQHandler</name>
         <value>0x23ef</value>
         <object_component_ref idref="oc-35"/>
      </symbol>
      <symbol id="sm-b0">
         <name>ADC0_IRQHandler</name>
         <value>0x23ef</value>
         <object_component_ref idref="oc-35"/>
      </symbol>
      <symbol id="sm-b1">
         <name>ADC1_IRQHandler</name>
         <value>0x23ef</value>
         <object_component_ref idref="oc-35"/>
      </symbol>
      <symbol id="sm-b2">
         <name>CANFD0_IRQHandler</name>
         <value>0x23ef</value>
         <object_component_ref idref="oc-35"/>
      </symbol>
      <symbol id="sm-b3">
         <name>DAC0_IRQHandler</name>
         <value>0x23ef</value>
         <object_component_ref idref="oc-35"/>
      </symbol>
      <symbol id="sm-b4">
         <name>SPI0_IRQHandler</name>
         <value>0x23ef</value>
         <object_component_ref idref="oc-35"/>
      </symbol>
      <symbol id="sm-b5">
         <name>SPI1_IRQHandler</name>
         <value>0x23ef</value>
         <object_component_ref idref="oc-35"/>
      </symbol>
      <symbol id="sm-b6">
         <name>UART1_IRQHandler</name>
         <value>0x23ef</value>
         <object_component_ref idref="oc-35"/>
      </symbol>
      <symbol id="sm-b7">
         <name>UART2_IRQHandler</name>
         <value>0x23ef</value>
         <object_component_ref idref="oc-35"/>
      </symbol>
      <symbol id="sm-b8">
         <name>UART0_IRQHandler</name>
         <value>0x23ef</value>
         <object_component_ref idref="oc-35"/>
      </symbol>
      <symbol id="sm-b9">
         <name>TIMG0_IRQHandler</name>
         <value>0x23ef</value>
         <object_component_ref idref="oc-35"/>
      </symbol>
      <symbol id="sm-ba">
         <name>TIMG6_IRQHandler</name>
         <value>0x23ef</value>
         <object_component_ref idref="oc-35"/>
      </symbol>
      <symbol id="sm-bb">
         <name>TIMA0_IRQHandler</name>
         <value>0x23ef</value>
         <object_component_ref idref="oc-35"/>
      </symbol>
      <symbol id="sm-bc">
         <name>TIMA1_IRQHandler</name>
         <value>0x23ef</value>
         <object_component_ref idref="oc-35"/>
      </symbol>
      <symbol id="sm-bd">
         <name>TIMG7_IRQHandler</name>
         <value>0x23ef</value>
         <object_component_ref idref="oc-35"/>
      </symbol>
      <symbol id="sm-be">
         <name>TIMG12_IRQHandler</name>
         <value>0x23ef</value>
         <object_component_ref idref="oc-35"/>
      </symbol>
      <symbol id="sm-bf">
         <name>I2C0_IRQHandler</name>
         <value>0x23ef</value>
         <object_component_ref idref="oc-35"/>
      </symbol>
      <symbol id="sm-c0">
         <name>I2C1_IRQHandler</name>
         <value>0x23ef</value>
         <object_component_ref idref="oc-35"/>
      </symbol>
      <symbol id="sm-c1">
         <name>AES_IRQHandler</name>
         <value>0x23ef</value>
         <object_component_ref idref="oc-35"/>
      </symbol>
      <symbol id="sm-c2">
         <name>RTC_IRQHandler</name>
         <value>0x23ef</value>
         <object_component_ref idref="oc-35"/>
      </symbol>
      <symbol id="sm-c3">
         <name>DMA_IRQHandler</name>
         <value>0x23ef</value>
         <object_component_ref idref="oc-35"/>
      </symbol>
      <symbol id="sm-c4">
         <name>__TI_ATRegion0_src_addr</name>
         <value>0x0</value>
      </symbol>
      <symbol id="sm-c5">
         <name>__TI_ATRegion0_trg_addr</name>
         <value>0x0</value>
      </symbol>
      <symbol id="sm-c6">
         <name>__TI_ATRegion0_region_sz</name>
         <value>0x0</value>
      </symbol>
      <symbol id="sm-c7">
         <name>__TI_ATRegion1_src_addr</name>
         <value>0x0</value>
      </symbol>
      <symbol id="sm-c8">
         <name>__TI_ATRegion1_trg_addr</name>
         <value>0x0</value>
      </symbol>
      <symbol id="sm-c9">
         <name>__TI_ATRegion1_region_sz</name>
         <value>0x0</value>
      </symbol>
      <symbol id="sm-ca">
         <name>__TI_ATRegion2_src_addr</name>
         <value>0x0</value>
      </symbol>
      <symbol id="sm-cb">
         <name>__TI_ATRegion2_trg_addr</name>
         <value>0x0</value>
      </symbol>
      <symbol id="sm-cc">
         <name>__TI_ATRegion2_region_sz</name>
         <value>0x0</value>
      </symbol>
      <symbol id="sm-dd">
         <name>sprintf</name>
         <value>0x2179</value>
         <object_component_ref idref="oc-f2"/>
      </symbol>
      <symbol id="sm-eb">
         <name>__aeabi_errno_addr</name>
         <value>0x23d9</value>
         <object_component_ref idref="oc-13f"/>
      </symbol>
      <symbol id="sm-ec">
         <name>__aeabi_errno</name>
         <value>0x20200800</value>
         <object_component_ref idref="oc-15f"/>
      </symbol>
      <symbol id="sm-f5">
         <name>_sys_memory</name>
         <value>0x20200000</value>
         <object_component_ref idref="oc-2f"/>
      </symbol>
      <symbol id="sm-100">
         <name>_c_int00_noargs</name>
         <value>0x2239</value>
         <object_component_ref idref="oc-52"/>
      </symbol>
      <symbol id="sm-101">
         <name>__stack</name>
         <value>0x20207e00</value>
         <object_component_ref idref="oc-1a"/>
      </symbol>
      <symbol id="sm-10d">
         <name>__TI_auto_init_nobinit_nopinit</name>
         <value>0x20c9</value>
         <object_component_ref idref="oc-be"/>
      </symbol>
      <symbol id="sm-115">
         <name>_system_pre_init</name>
         <value>0x23ff</value>
         <object_component_ref idref="oc-67"/>
      </symbol>
      <symbol id="sm-120">
         <name>__TI_decompress_none</name>
         <value>0x233f</value>
         <object_component_ref idref="oc-20"/>
      </symbol>
      <symbol id="sm-12b">
         <name>__TI_decompress_lzss</name>
         <value>0x1b9d</value>
         <object_component_ref idref="oc-1c"/>
      </symbol>
      <symbol id="sm-174">
         <name>__TI_printfi</name>
         <value>0xc1</value>
         <object_component_ref idref="oc-12d"/>
      </symbol>
      <symbol id="sm-182">
         <name>frexp</name>
         <value>0x1dc1</value>
         <object_component_ref idref="oc-16d"/>
      </symbol>
      <symbol id="sm-183">
         <name>frexpl</name>
         <value>0x1dc1</value>
         <object_component_ref idref="oc-16d"/>
      </symbol>
      <symbol id="sm-18d">
         <name>scalbn</name>
         <value>0x17f1</value>
         <object_component_ref idref="oc-171"/>
      </symbol>
      <symbol id="sm-18e">
         <name>ldexp</name>
         <value>0x17f1</value>
         <object_component_ref idref="oc-171"/>
      </symbol>
      <symbol id="sm-18f">
         <name>scalbnl</name>
         <value>0x17f1</value>
         <object_component_ref idref="oc-171"/>
      </symbol>
      <symbol id="sm-190">
         <name>ldexpl</name>
         <value>0x17f1</value>
         <object_component_ref idref="oc-171"/>
      </symbol>
      <symbol id="sm-199">
         <name>wcslen</name>
         <value>0x2361</value>
         <object_component_ref idref="oc-13b"/>
      </symbol>
      <symbol id="sm-1a3">
         <name>abort</name>
         <value>0x23e9</value>
         <object_component_ref idref="oc-b7"/>
      </symbol>
      <symbol id="sm-1ad">
         <name>__TI_ltoa</name>
         <value>0x1e1d</value>
         <object_component_ref idref="oc-179"/>
      </symbol>
      <symbol id="sm-1b8">
         <name>atoi</name>
         <value>0x2089</value>
         <object_component_ref idref="oc-137"/>
      </symbol>
      <symbol id="sm-1c1">
         <name>memccpy</name>
         <value>0x22a9</value>
         <object_component_ref idref="oc-130"/>
      </symbol>
      <symbol id="sm-1c4">
         <name>__aeabi_ctype_table_</name>
         <value>0x2410</value>
         <object_component_ref idref="oc-158"/>
      </symbol>
      <symbol id="sm-1c5">
         <name>__aeabi_ctype_table_C</name>
         <value>0x2410</value>
         <object_component_ref idref="oc-158"/>
      </symbol>
      <symbol id="sm-1ce">
         <name>HOSTexit</name>
         <value>0x23f3</value>
         <object_component_ref idref="oc-f9"/>
      </symbol>
      <symbol id="sm-1cf">
         <name>C$$EXIT</name>
         <value>0x23f2</value>
         <object_component_ref idref="oc-f9"/>
      </symbol>
      <symbol id="sm-1e4">
         <name>__aeabi_dadd</name>
         <value>0x10b3</value>
         <object_component_ref idref="oc-e8"/>
      </symbol>
      <symbol id="sm-1e5">
         <name>__adddf3</name>
         <value>0x10b3</value>
         <object_component_ref idref="oc-e8"/>
      </symbol>
      <symbol id="sm-1e6">
         <name>__aeabi_dsub</name>
         <value>0x10a9</value>
         <object_component_ref idref="oc-e8"/>
      </symbol>
      <symbol id="sm-1e7">
         <name>__subdf3</name>
         <value>0x10a9</value>
         <object_component_ref idref="oc-e8"/>
      </symbol>
      <symbol id="sm-1f0">
         <name>__aeabi_dmul</name>
         <value>0x170d</value>
         <object_component_ref idref="oc-182"/>
      </symbol>
      <symbol id="sm-1f1">
         <name>__muldf3</name>
         <value>0x170d</value>
         <object_component_ref idref="oc-182"/>
      </symbol>
      <symbol id="sm-1f7">
         <name>__muldsi3</name>
         <value>0x2105</value>
         <object_component_ref idref="oc-163"/>
      </symbol>
      <symbol id="sm-1fd">
         <name>__aeabi_ddiv</name>
         <value>0x1601</value>
         <object_component_ref idref="oc-192"/>
      </symbol>
      <symbol id="sm-1fe">
         <name>__divdf3</name>
         <value>0x1601</value>
         <object_component_ref idref="oc-192"/>
      </symbol>
      <symbol id="sm-204">
         <name>__aeabi_d2iz</name>
         <value>0x1f75</value>
         <object_component_ref idref="oc-175"/>
      </symbol>
      <symbol id="sm-205">
         <name>__fixdfsi</name>
         <value>0x1f75</value>
         <object_component_ref idref="oc-175"/>
      </symbol>
      <symbol id="sm-20b">
         <name>__aeabi_d2uiz</name>
         <value>0x2005</value>
         <object_component_ref idref="oc-ec"/>
      </symbol>
      <symbol id="sm-20c">
         <name>__fixunsdfsi</name>
         <value>0x2005</value>
         <object_component_ref idref="oc-ec"/>
      </symbol>
      <symbol id="sm-212">
         <name>__aeabi_i2d</name>
         <value>0x220d</value>
         <object_component_ref idref="oc-17d"/>
      </symbol>
      <symbol id="sm-213">
         <name>__floatsidf</name>
         <value>0x220d</value>
         <object_component_ref idref="oc-17d"/>
      </symbol>
      <symbol id="sm-219">
         <name>__aeabi_ui2d</name>
         <value>0x2261</value>
         <object_component_ref idref="oc-e4"/>
      </symbol>
      <symbol id="sm-21a">
         <name>__floatunsidf</name>
         <value>0x2261</value>
         <object_component_ref idref="oc-e4"/>
      </symbol>
      <symbol id="sm-220">
         <name>__aeabi_lmul</name>
         <value>0x2285</value>
         <object_component_ref idref="oc-144"/>
      </symbol>
      <symbol id="sm-221">
         <name>__muldi3</name>
         <value>0x2285</value>
         <object_component_ref idref="oc-144"/>
      </symbol>
      <symbol id="sm-227">
         <name>__aeabi_dcmpeq</name>
         <value>0x1d5d</value>
         <object_component_ref idref="oc-14e"/>
      </symbol>
      <symbol id="sm-228">
         <name>__aeabi_dcmplt</name>
         <value>0x1d71</value>
         <object_component_ref idref="oc-14e"/>
      </symbol>
      <symbol id="sm-229">
         <name>__aeabi_dcmple</name>
         <value>0x1d85</value>
         <object_component_ref idref="oc-14e"/>
      </symbol>
      <symbol id="sm-22a">
         <name>__aeabi_dcmpge</name>
         <value>0x1d99</value>
         <object_component_ref idref="oc-14e"/>
      </symbol>
      <symbol id="sm-22b">
         <name>__aeabi_dcmpgt</name>
         <value>0x1dad</value>
         <object_component_ref idref="oc-14e"/>
      </symbol>
      <symbol id="sm-231">
         <name>__aeabi_idiv</name>
         <value>0x1ecd</value>
         <object_component_ref idref="oc-1a6"/>
      </symbol>
      <symbol id="sm-232">
         <name>__aeabi_idivmod</name>
         <value>0x1ecd</value>
         <object_component_ref idref="oc-1a6"/>
      </symbol>
      <symbol id="sm-238">
         <name>__aeabi_memcpy</name>
         <value>0x23e1</value>
         <object_component_ref idref="oc-42"/>
      </symbol>
      <symbol id="sm-239">
         <name>__aeabi_memcpy4</name>
         <value>0x23e1</value>
         <object_component_ref idref="oc-42"/>
      </symbol>
      <symbol id="sm-23a">
         <name>__aeabi_memcpy8</name>
         <value>0x23e1</value>
         <object_component_ref idref="oc-42"/>
      </symbol>
      <symbol id="sm-241">
         <name>__aeabi_memset</name>
         <value>0x2371</value>
         <object_component_ref idref="oc-12f"/>
      </symbol>
      <symbol id="sm-242">
         <name>__aeabi_memset4</name>
         <value>0x2371</value>
         <object_component_ref idref="oc-12f"/>
      </symbol>
      <symbol id="sm-243">
         <name>__aeabi_memset8</name>
         <value>0x2371</value>
         <object_component_ref idref="oc-12f"/>
      </symbol>
      <symbol id="sm-249">
         <name>__aeabi_uidiv</name>
         <value>0x2049</value>
         <object_component_ref idref="oc-e0"/>
      </symbol>
      <symbol id="sm-24a">
         <name>__aeabi_uidivmod</name>
         <value>0x2049</value>
         <object_component_ref idref="oc-e0"/>
      </symbol>
      <symbol id="sm-250">
         <name>__aeabi_uldivmod</name>
         <value>0x2305</value>
         <object_component_ref idref="oc-149"/>
      </symbol>
      <symbol id="sm-256">
         <name>__udivmoddi4</name>
         <value>0x1af9</value>
         <object_component_ref idref="oc-168"/>
      </symbol>
      <symbol id="sm-25c">
         <name>__aeabi_llsl</name>
         <value>0x22cd</value>
         <object_component_ref idref="oc-19a"/>
      </symbol>
      <symbol id="sm-25d">
         <name>__ashldi3</name>
         <value>0x22cd</value>
         <object_component_ref idref="oc-19a"/>
      </symbol>
      <symbol id="sm-26b">
         <name>__ledf2</name>
         <value>0x1c8d</value>
         <object_component_ref idref="oc-18a"/>
      </symbol>
      <symbol id="sm-26c">
         <name>__gedf2</name>
         <value>0x1c19</value>
         <object_component_ref idref="oc-190"/>
      </symbol>
      <symbol id="sm-26d">
         <name>__cmpdf2</name>
         <value>0x1c8d</value>
         <object_component_ref idref="oc-18a"/>
      </symbol>
      <symbol id="sm-26e">
         <name>__eqdf2</name>
         <value>0x1c8d</value>
         <object_component_ref idref="oc-18a"/>
      </symbol>
      <symbol id="sm-26f">
         <name>__ltdf2</name>
         <value>0x1c8d</value>
         <object_component_ref idref="oc-18a"/>
      </symbol>
      <symbol id="sm-270">
         <name>__nedf2</name>
         <value>0x1c8d</value>
         <object_component_ref idref="oc-18a"/>
      </symbol>
      <symbol id="sm-271">
         <name>__gtdf2</name>
         <value>0x1c19</value>
         <object_component_ref idref="oc-190"/>
      </symbol>
      <symbol id="sm-27d">
         <name>__aeabi_idiv0</name>
         <value>0x123b</value>
         <object_component_ref idref="oc-10a"/>
      </symbol>
      <symbol id="sm-27e">
         <name>__aeabi_ldiv0</name>
         <value>0x1b9b</value>
         <object_component_ref idref="oc-199"/>
      </symbol>
      <symbol id="sm-288">
         <name>TI_memcpy_small</name>
         <value>0x232d</value>
         <object_component_ref idref="oc-7a"/>
      </symbol>
      <symbol id="sm-291">
         <name>TI_memset_small</name>
         <value>0x238d</value>
         <object_component_ref idref="oc-d1"/>
      </symbol>
      <symbol id="sm-292">
         <name>__TI_static_base__</name>
         <value>0x0</value>
      </symbol>
      <symbol id="sm-296">
         <name>__mpu_init</name>
         <value>0x0</value>
      </symbol>
      <symbol id="sm-297">
         <name>_system_post_cinit</name>
         <value>0x0</value>
      </symbol>
   </symbol_table>
   <title>Link successful</title>
</link_info>
