******************************************************************************
            TI ARM Clang Linker PC v4.0.3                      
******************************************************************************
>> Linked Sat Sep 13 00:13:06 2025

OUTPUT FILE NAME:   <lab2_part3.out>
ENTRY POINT SYMBOL: "_c_int00_noargs"  address: 00002239


MEMORY CONFIGURATION

         name            origin    length      used     unused   attr    fill
----------------------  --------  ---------  --------  --------  ----  --------
  FLASH                 00000000   00020000  00002a18  0001d5e8  R  X
  SRAM                  20200000   00008000  00000a08  000075f8  RW X
  BCR_CONFIG            41c00000   00000080  00000000  00000080  R   
  BSL_CONFIG            41c00100   00000080  00000000  00000080  R   


SEGMENT ALLOCATION MAP

run origin  load origin   length   init length attrs members
----------  ----------- ---------- ----------- ----- -------
00000000    00000000    00002408   00002408    r-x
  00000000    00000000    000000c0   000000c0    r-- .intvecs
  000000c0    000000c0    00002348   00002348    r-x .text
00002410    00002410    00000610   00000610    r--
  00002410    00002410    000005f0   000005f0    r-- .rodata
  00002a00    00002a00    00000020   00000020    r-- .cinit
20200000    20200000    00000808   00000000    rw-
  20200000    20200000    00000800   00000000    rw- .sysmem
  20200800    20200800    00000008   00000000    rw- .data
20207e00    20207e00    00000200   00000000    rw-
  20207e00    20207e00    00000200   00000000    rw- .stack


SECTION ALLOCATION MAP

 output                                  attributes/
section   page    origin      length       input sections
--------  ----  ----------  ----------   ----------------
.intvecs   0    00000000    000000c0     
                  00000000    000000c0     startup_mspm0g3507_ticlang.o (.intvecs)

.text      0    000000c0    00002348     
                  000000c0    000009d0     libc.a : _printfi.c.obj (.text:__TI_printfi)
                  00000a90    00000220            : _printfi.c.obj (.text._pconv_a)
                  00000cb0    0000021c     lab2_p3_main.o (.text.main)
                  00000ecc    000001dc     libc.a : _printfi.c.obj (.text._pconv_g)
                  000010a8    00000192     libclang_rt.builtins.a : adddf3.S.obj (.text.adddf3_subdf3)
                  0000123a    00000002                            : aeabi_div0.c.obj (.text.__aeabi_idiv0)
                  0000123c    00000168     clock.o (.text.clock_init_40mhz)
                  000013a4    0000013c     libc.a : _printfi.c.obj (.text.fcvt)
                  000014e0    00000120            : _printfi.c.obj (.text._pconv_e)
                  00001600    0000010c     libclang_rt.builtins.a : divdf3.S.obj (.text.__divdf3)
                  0000170c    000000e4                            : muldf3.S.obj (.text.__muldf3)
                  000017f0    000000d8     libc.a : s_scalbn.c.obj (.text.scalbn)
                  000018c8    000000d4     uart.o (.text.UART_init)
                  0000199c    000000b4     LaunchPad.o (.text.lp_leds_off)
                  00001a50    000000a8     LaunchPad.o (.text.lp_leds_init)
                  00001af8    000000a2     libclang_rt.builtins.a : udivmoddi4.S.obj (.text)
                  00001b9a    00000002                            : aeabi_div0.c.obj (.text.__aeabi_ldiv0)
                  00001b9c    0000007c     libc.a : copy_decompress_lzss.c.obj (.text:decompress:lzss)
                  00001c18    00000074     libclang_rt.builtins.a : comparedf2.c.obj (.text.__gedf2)
                  00001c8c    00000068                            : comparedf2.c.obj (.text.__ledf2)
                  00001cf4    00000066     libc.a : _printfi.c.obj (.text._mcpy)
                  00001d5a    00000002     --HOLE-- [fill = 0]
                  00001d5c    00000062     libclang_rt.builtins.a : aeabi_dcmp.S.obj (.text.__aeabi_dcmp)
                  00001dbe    00000002     --HOLE-- [fill = 0]
                  00001dc0    0000005c     libc.a : s_frexp.c.obj (.text.frexp)
                  00001e1c    00000058            : _ltoa.c.obj (.text.__TI_ltoa)
                  00001e74    00000058            : _printfi.c.obj (.text._pconv_f)
                  00001ecc    00000056     libclang_rt.builtins.a : aeabi_idivmod.S.obj (.text.__aeabi_idivmod)
                  00001f22    00000052     libc.a : _printfi.c.obj (.text._ecpy)
                  00001f74    0000004a     libclang_rt.builtins.a : fixdfsi.S.obj (.text.__fixdfsi)
                  00001fbe    00000046     lab2_p3_main.o (.text.msp_printf)
                  00002004    00000042     libclang_rt.builtins.a : fixunsdfsi.S.obj (.text.__fixunsdfsi)
                  00002046    00000002     --HOLE-- [fill = 0]
                  00002048    00000040                            : aeabi_uidivmod.S.obj (.text.__aeabi_uidivmod)
                  00002088    00000040     libc.a : atoi.c.obj (.text.atoi)
                  000020c8    0000003c            : autoinit.c.obj (.text:__TI_auto_init_nobinit_nopinit)
                  00002104    0000003a     libclang_rt.builtins.a : muldsi3.S.obj (.text.__muldsi3)
                  0000213e    00000002     --HOLE-- [fill = 0]
                  00002140    00000038     LaunchPad.o (.text.launchpad_gpio_init)
                  00002178    00000038     libc.a : sprintf.c.obj (.text.sprintf)
                  000021b0    00000030            : _printfi.c.obj (.text._fcpy)
                  000021e0    0000002c     uart.o (.text.UART_out_char)
                  0000220c    0000002c     libclang_rt.builtins.a : floatsidf.S.obj (.text.__floatsidf)
                  00002238    00000028     libc.a : boot_cortex_m.c.obj (.text:_c_int00_noargs)
                  00002260    00000024     libclang_rt.builtins.a : floatunsidf.S.obj (.text.__floatunsidf)
                  00002284    00000024                            : muldi3.S.obj (.text.__muldi3)
                  000022a8    00000022     libc.a : memccpy.c.obj (.text.memccpy)
                  000022ca    00000002     --HOLE-- [fill = 0]
                  000022cc    0000001e     libclang_rt.builtins.a : ashldi3.S.obj (.text.__ashldi3)
                  000022ea    00000018     libc.a : sprintf.c.obj (.text._outs)
                  00002302    00000002     --HOLE-- [fill = 0]
                  00002304    00000014     libclang_rt.builtins.a : aeabi_uldivmod.S.obj (.text.__aeabi_uldivmod)
                  00002318    00000014     libc.a : _printfi.c.obj (.text.strchr)
                  0000232c    00000012            : memcpy16.S.obj (.text:TI_memcpy_small)
                  0000233e    00000012            : copy_decompress_none.c.obj (.text:decompress:none)
                  00002350    00000010     clock.o (.text.clock_delay)
                  00002360    00000010     libc.a : wcslen.c.obj (.text.wcslen)
                  00002370    0000000e     libclang_rt.builtins.a : aeabi_memset.S.obj (.text.__aeabi_memset)
                  0000237e    0000000e     libc.a : _printfi.c.obj (.text.strlen)
                  0000238c    0000000e            : memset16.S.obj (.text:TI_memset_small)
                  0000239a    00000002     --HOLE-- [fill = 0]
                  0000239c    0000000c     clock.o (.text.get_bus_clock_freq)
                  000023a8    0000000a     libc.a : _printfi.c.obj (.text.OUTLINED_FUNCTION_0)
                  000023b2    00000002     --HOLE-- [fill = 0]
                  000023b4    00000010     libclang_rt.builtins.a : adddf3.S.obj (.tramp.__aeabi_dsub.1)
                  000023c4    0000000a     libc.a : _printfi.c.obj (.text.OUTLINED_FUNCTION_1)
                  000023ce    0000000a            : sprintf.c.obj (.text._outc)
                  000023d8    00000008            : aeabi_portable.c.obj (.text.__aeabi_errno_addr)
                  000023e0    00000008     libclang_rt.builtins.a : aeabi_memcpy.S.obj (.text.__aeabi_memcpy)
                  000023e8    00000006     libc.a : exit.c.obj (.text:abort)
                  000023ee    00000004     startup_mspm0g3507_ticlang.o (.text.Default_Handler)
                  000023f2    00000004     libsysbm.a : hostexit.c.obj (.text.HOSTexit)
                  000023f6    00000004     startup_mspm0g3507_ticlang.o (.text.HardFault_Handler)
                  000023fa    00000004     startup_mspm0g3507_ticlang.o (.text.Reset_Handler)
                  000023fe    00000004     libc.a : pre_init.c.obj (.text._system_pre_init)
                  00002402    00000006     --HOLE-- [fill = 0]

.cinit     0    00002a00    00000020     
                  00002a00    0000000a     (.cinit..data.load) [load image, compression = lzss]
                  00002a0a    00000002     --HOLE-- [fill = 0]
                  00002a0c    00000008     (__TI_handler_table)
                  00002a14    00000008     (__TI_cinit_table)
                  00002a1c    00000004     --HOLE-- [fill = 0]

.rodata    0    00002410    000005f0     
                  00002410    00000101     libc.a : aeabi_ctype.S.obj (.rodata:__aeabi_ctype_table_)
                  00002511    0000003f     lab2_p3_main.o (.rodata.str1.6209160692595852072.1)
                  00002550    00000030     LaunchPad.o (.rodata.lp_led_config_data)
                  00002580    00000030     lab2_p3_main.o (.rodata.str1.2754722389991878745.1)
                  000025b0    00000028     lab2_p3_main.o (.rodata.str1.10007894870331955799.1)
                  000025d8    00000028     lab2_p3_main.o (.rodata.str1.10653709195359374975.1)
                  00002600    00000028     lab2_p3_main.o (.rodata.str1.10975912345205171544.1)
                  00002628    00000028     lab2_p3_main.o (.rodata.str1.1116335212985308817.1)
                  00002650    00000028     lab2_p3_main.o (.rodata.str1.11364721978694550809.1)
                  00002678    00000028     lab2_p3_main.o (.rodata.str1.1228273355335215825.1)
                  000026a0    00000028     lab2_p3_main.o (.rodata.str1.12767018567730621689.1)
                  000026c8    00000028     lab2_p3_main.o (.rodata.str1.13776524250621666208.1)
                  000026f0    00000028     lab2_p3_main.o (.rodata.str1.14118923730476711020.1)
                  00002718    00000028     lab2_p3_main.o (.rodata.str1.14306640097589457656.1)
                  00002740    00000028     lab2_p3_main.o (.rodata.str1.18072915639258875630.1)
                  00002768    00000028     lab2_p3_main.o (.rodata.str1.2070656471110310446.1)
                  00002790    00000028     lab2_p3_main.o (.rodata.str1.3725077120360530507.1)
                  000027b8    00000028     lab2_p3_main.o (.rodata.str1.7424588447940985723.1)
                  000027e0    00000023     lab2_p3_main.o (.rodata.str1.13047056264672938804.1)
                  00002803    00000023     lab2_p3_main.o (.rodata.str1.1458354521046188755.1)
                  00002826    00000023     lab2_p3_main.o (.rodata.str1.3674846113578640563.1)
                  00002849    00000023     lab2_p3_main.o (.rodata.str1.9974271164587651470.1)
                  0000286c    00000022     lab2_p3_main.o (.rodata.str1.10464317445483079281.1)
                  0000288e    00000022     lab2_p3_main.o (.rodata.str1.11134048468798025817.1)
                  000028b0    00000022     lab2_p3_main.o (.rodata.str1.12014269199520407456.1)
                  000028d2    00000022     lab2_p3_main.o (.rodata.str1.12031078737653537085.1)
                  000028f4    00000022     lab2_p3_main.o (.rodata.str1.1280413141959765380.1)
                  00002916    00000022     lab2_p3_main.o (.rodata.str1.15148821900835169461.1)
                  00002938    00000021     lab2_p3_main.o (.rodata.str1.8783379425366822856.1)
                  00002959    0000001e     lab2_p3_main.o (.rodata.str1.5471155735336046856.1)
                  00002977    0000001e     lab2_p3_main.o (.rodata.str1.5709673331228530730.1)
                  00002995    0000001e     lab2_p3_main.o (.rodata.str1.6458810794680838658.1)
                  000029b3    0000001d     lab2_p3_main.o (.rodata.str1.3840634230603135999.1)
                  000029d0    00000011     libc.a : _printfi.c.obj (.rodata.str1.10348868589481759720.1)
                  000029e1    00000011            : _printfi.c.obj (.rodata.str1.15363888844622738466.1)
                  000029f2    00000003     lab2_p3_main.o (.rodata.str1.17448577630305166525.1)
                  000029f5    0000000b     --HOLE-- [fill = 0]

.init_array 
*          0    00000000    00000000     UNINITIALIZED

.binit     0    00000000    00000000     

.data      0    20200800    00000008     UNINITIALIZED
                  20200800    00000004     libc.a : aeabi_portable.c.obj (.data.__aeabi_errno)
                  20200804    00000004     clock.o (.data.g_bus_clock_freq)

.sysmem    0    20200000    00000800     UNINITIALIZED
                  20200000    00000010     libc.a : memory.c.obj (.sysmem)
                  20200010    000007f0     --HOLE--

.stack     0    20207e00    00000200     UNINITIALIZED
                  20207e00    00000004     libc.a : boot_cortex_m.c.obj (.stack)
                  20207e04    000001fc     --HOLE--

__llvm_prf_cnts 
*          0    20200000    00000000     UNINITIALIZED

__llvm_prf_bits 
*          0    20200000    00000000     UNINITIALIZED

MODULE SUMMARY

       Module                         code   ro data   rw data
       ------                         ----   -------   -------
    .\
       lab2_p3_main.o                 610    1170      0      
       LaunchPad.o                    404    48        0      
       clock.o                        388    0         4      
       uart.o                         256    0         0      
    +--+------------------------------+------+---------+---------+
       Total:                         1658   1218      4      
                                                              
    .\ticlang\
       startup_mspm0g3507_ticlang.o   12     192       0      
    +--+------------------------------+------+---------+---------+
       Total:                         12     192       0      
                                                              
    C:\ti\ccstheia141\ccs\tools\compiler\ti-cgt-armllvm_4.0.3.LTS\lib\armv6m-ti-none-eabi/c/libc.a
       _printfi.c.obj                 4510   34        0      
       aeabi_ctype.S.obj              0      257       0      
       s_scalbn.c.obj                 216    0         0      
       copy_decompress_lzss.c.obj     124    0         0      
       s_frexp.c.obj                  92     0         0      
       sprintf.c.obj                  90     0         0      
       _ltoa.c.obj                    88     0         0      
       atoi.c.obj                     64     0         0      
       autoinit.c.obj                 60     0         0      
       boot_cortex_m.c.obj            40     0         0      
       memccpy.c.obj                  34     0         0      
       copy_decompress_none.c.obj     18     0         0      
       memcpy16.S.obj                 18     0         0      
       wcslen.c.obj                   16     0         0      
       memset16.S.obj                 14     0         0      
       aeabi_portable.c.obj           8      0         4      
       exit.c.obj                     6      0         0      
       pre_init.c.obj                 4      0         0      
    +--+------------------------------+------+---------+---------+
       Total:                         5402   291       4      
                                                              
    C:\ti\ccstheia141\ccs\tools\compiler\ti-cgt-armllvm_4.0.3.LTS\lib\armv6m-ti-none-eabi/c/libsysbm.a
       hostexit.c.obj                 4      0         0      
    +--+------------------------------+------+---------+---------+
       Total:                         4      0         0      
                                                              
    C:\ti\ccstheia141\ccs\tools\compiler\ti-cgt-armllvm_4.0.3.LTS\lib\armv6m-ti-none-eabi/libclang_rt.builtins.a
       adddf3.S.obj                   418    0         0      
       divdf3.S.obj                   268    0         0      
       muldf3.S.obj                   228    0         0      
       comparedf2.c.obj               220    0         0      
       udivmoddi4.S.obj               162    0         0      
       aeabi_dcmp.S.obj               98     0         0      
       aeabi_idivmod.S.obj            86     0         0      
       fixdfsi.S.obj                  74     0         0      
       fixunsdfsi.S.obj               66     0         0      
       aeabi_uidivmod.S.obj           64     0         0      
       muldsi3.S.obj                  58     0         0      
       floatsidf.S.obj                44     0         0      
       floatunsidf.S.obj              36     0         0      
       muldi3.S.obj                   36     0         0      
       ashldi3.S.obj                  30     0         0      
       aeabi_uldivmod.S.obj           20     0         0      
       aeabi_memset.S.obj             14     0         0      
       aeabi_memcpy.S.obj             8      0         0      
       aeabi_div0.c.obj               4      0         0      
    +--+------------------------------+------+---------+---------+
       Total:                         1934   0         0      
                                                              
       Heap:                          0      0         2048   
       Stack:                         0      0         512    
       Linker Generated:              0      26        0      
    +--+------------------------------+------+---------+---------+
       Grand Total:                   9010   1727      2568   


LINKER GENERATED COPY TABLES

__TI_cinit_table @ 00002a14 records: 1, size/record: 8, table size: 8
	.data: load addr=00002a00, load size=0000000a bytes, run addr=20200800, run size=00000008 bytes, compression=lzss


LINKER GENERATED HANDLER TABLE

__TI_handler_table @ 00002a0c records: 2, size/record: 4, table size: 8
	index: 0, handler: __TI_decompress_lzss
	index: 1, handler: __TI_decompress_none


FAR CALL TRAMPOLINES

callee name               trampoline name
   callee addr  tramp addr   call addr  call info
--------------  -----------  ---------  ----------------
__aeabi_dsub              $Tramp$TT$L$PI$$__aeabi_dsub
   000010a9     000023b4     000023b0   libc.a : _printfi.c.obj (.text.OUTLINED_FUNCTION_0)

[1 trampolines]
[1 trampoline calls]


GLOBAL SYMBOLS: SORTED ALPHABETICALLY BY Name 

address   name                          
-------   ----                          
000023ef  ADC0_IRQHandler               
000023ef  ADC1_IRQHandler               
000023ef  AES_IRQHandler                
000023f2  C$$EXIT                       
000023ef  CANFD0_IRQHandler             
000023ef  DAC0_IRQHandler               
000023ef  DMA_IRQHandler                
000023ef  Default_Handler               
000023ef  GROUP0_IRQHandler             
000023ef  GROUP1_IRQHandler             
000023f3  HOSTexit                      
000023f7  HardFault_Handler             
000023ef  I2C0_IRQHandler               
000023ef  I2C1_IRQHandler               
000023ef  NMI_Handler                   
000023ef  PendSV_Handler                
000023ef  RTC_IRQHandler                
000023fb  Reset_Handler                 
000023ef  SPI0_IRQHandler               
000023ef  SPI1_IRQHandler               
000023ef  SVC_Handler                   
000023ef  SysTick_Handler               
000023ef  TIMA0_IRQHandler              
000023ef  TIMA1_IRQHandler              
000023ef  TIMG0_IRQHandler              
000023ef  TIMG12_IRQHandler             
000023ef  TIMG6_IRQHandler              
000023ef  TIMG7_IRQHandler              
000023ef  TIMG8_IRQHandler              
0000232d  TI_memcpy_small               
0000238d  TI_memset_small               
000023ef  UART0_IRQHandler              
000023ef  UART1_IRQHandler              
000023ef  UART2_IRQHandler              
000023ef  UART3_IRQHandler              
000018c9  UART_init                     
000021e1  UART_out_char                 
20208000  __STACK_END                   
00000200  __STACK_SIZE                  
00000800  __SYSMEM_SIZE                 
00000000  __TI_ATRegion0_region_sz      
00000000  __TI_ATRegion0_src_addr       
00000000  __TI_ATRegion0_trg_addr       
00000000  __TI_ATRegion1_region_sz      
00000000  __TI_ATRegion1_src_addr       
00000000  __TI_ATRegion1_trg_addr       
00000000  __TI_ATRegion2_region_sz      
00000000  __TI_ATRegion2_src_addr       
00000000  __TI_ATRegion2_trg_addr       
00002a14  __TI_CINIT_Base               
00002a1c  __TI_CINIT_Limit              
00002a1c  __TI_CINIT_Warm               
00002a0c  __TI_Handler_Table_Base       
00002a14  __TI_Handler_Table_Limit      
000020c9  __TI_auto_init_nobinit_nopinit
00001b9d  __TI_decompress_lzss          
0000233f  __TI_decompress_none          
00001e1d  __TI_ltoa                     
ffffffff  __TI_pprof_out_hndl           
000000c1  __TI_printfi                  
ffffffff  __TI_prof_data_size           
ffffffff  __TI_prof_data_start          
00000000  __TI_static_base__            
000010b3  __adddf3                      
00002410  __aeabi_ctype_table_          
00002410  __aeabi_ctype_table_C         
00001f75  __aeabi_d2iz                  
00002005  __aeabi_d2uiz                 
000010b3  __aeabi_dadd                  
00001d5d  __aeabi_dcmpeq                
00001d99  __aeabi_dcmpge                
00001dad  __aeabi_dcmpgt                
00001d85  __aeabi_dcmple                
00001d71  __aeabi_dcmplt                
00001601  __aeabi_ddiv                  
0000170d  __aeabi_dmul                  
000010a9  __aeabi_dsub                  
20200800  __aeabi_errno                 
000023d9  __aeabi_errno_addr            
0000220d  __aeabi_i2d                   
00001ecd  __aeabi_idiv                  
0000123b  __aeabi_idiv0                 
00001ecd  __aeabi_idivmod               
00001b9b  __aeabi_ldiv0                 
000022cd  __aeabi_llsl                  
00002285  __aeabi_lmul                  
000023e1  __aeabi_memcpy                
000023e1  __aeabi_memcpy4               
000023e1  __aeabi_memcpy8               
00002371  __aeabi_memset                
00002371  __aeabi_memset4               
00002371  __aeabi_memset8               
00002261  __aeabi_ui2d                  
00002049  __aeabi_uidiv                 
00002049  __aeabi_uidivmod              
00002305  __aeabi_uldivmod              
000022cd  __ashldi3                     
ffffffff  __binit__                     
00001c8d  __cmpdf2                      
00001601  __divdf3                      
00001c8d  __eqdf2                       
00001f75  __fixdfsi                     
00002005  __fixunsdfsi                  
0000220d  __floatsidf                   
00002261  __floatunsidf                 
00001c19  __gedf2                       
00001c19  __gtdf2                       
00001c8d  __ledf2                       
00001c8d  __ltdf2                       
UNDEFED   __mpu_init                    
0000170d  __muldf3                      
00002285  __muldi3                      
00002105  __muldsi3                     
00001c8d  __nedf2                       
20207e00  __stack                       
20200000  __start___llvm_prf_bits       
20200000  __start___llvm_prf_cnts       
20200000  __stop___llvm_prf_bits        
20200000  __stop___llvm_prf_cnts        
000010a9  __subdf3                      
00001af9  __udivmoddi4                  
00002239  _c_int00_noargs               
20200000  _sys_memory                   
UNDEFED   _system_post_cinit            
000023ff  _system_pre_init              
000023e9  abort                         
00002089  atoi                          
ffffffff  binit                         
00002351  clock_delay                   
0000123d  clock_init_40mhz              
00001dc1  frexp                         
00001dc1  frexpl                        
20200804  g_bus_clock_freq              
0000239d  get_bus_clock_freq            
00000000  interruptVectors              
00002141  launchpad_gpio_init           
000017f1  ldexp                         
000017f1  ldexpl                        
00002550  lp_led_config_data            
00001a51  lp_leds_init                  
0000199d  lp_leds_off                   
00000cb1  main                          
000022a9  memccpy                       
00001fbf  msp_printf                    
000017f1  scalbn                        
000017f1  scalbnl                       
00002179  sprintf                       
00002361  wcslen                        


GLOBAL SYMBOLS: SORTED BY Symbol Address 

address   name                          
-------   ----                          
00000000  __TI_ATRegion0_region_sz      
00000000  __TI_ATRegion0_src_addr       
00000000  __TI_ATRegion0_trg_addr       
00000000  __TI_ATRegion1_region_sz      
00000000  __TI_ATRegion1_src_addr       
00000000  __TI_ATRegion1_trg_addr       
00000000  __TI_ATRegion2_region_sz      
00000000  __TI_ATRegion2_src_addr       
00000000  __TI_ATRegion2_trg_addr       
00000000  __TI_static_base__            
00000000  interruptVectors              
000000c1  __TI_printfi                  
00000200  __STACK_SIZE                  
00000800  __SYSMEM_SIZE                 
00000cb1  main                          
000010a9  __aeabi_dsub                  
000010a9  __subdf3                      
000010b3  __adddf3                      
000010b3  __aeabi_dadd                  
0000123b  __aeabi_idiv0                 
0000123d  clock_init_40mhz              
00001601  __aeabi_ddiv                  
00001601  __divdf3                      
0000170d  __aeabi_dmul                  
0000170d  __muldf3                      
000017f1  ldexp                         
000017f1  ldexpl                        
000017f1  scalbn                        
000017f1  scalbnl                       
000018c9  UART_init                     
0000199d  lp_leds_off                   
00001a51  lp_leds_init                  
00001af9  __udivmoddi4                  
00001b9b  __aeabi_ldiv0                 
00001b9d  __TI_decompress_lzss          
00001c19  __gedf2                       
00001c19  __gtdf2                       
00001c8d  __cmpdf2                      
00001c8d  __eqdf2                       
00001c8d  __ledf2                       
00001c8d  __ltdf2                       
00001c8d  __nedf2                       
00001d5d  __aeabi_dcmpeq                
00001d71  __aeabi_dcmplt                
00001d85  __aeabi_dcmple                
00001d99  __aeabi_dcmpge                
00001dad  __aeabi_dcmpgt                
00001dc1  frexp                         
00001dc1  frexpl                        
00001e1d  __TI_ltoa                     
00001ecd  __aeabi_idiv                  
00001ecd  __aeabi_idivmod               
00001f75  __aeabi_d2iz                  
00001f75  __fixdfsi                     
00001fbf  msp_printf                    
00002005  __aeabi_d2uiz                 
00002005  __fixunsdfsi                  
00002049  __aeabi_uidiv                 
00002049  __aeabi_uidivmod              
00002089  atoi                          
000020c9  __TI_auto_init_nobinit_nopinit
00002105  __muldsi3                     
00002141  launchpad_gpio_init           
00002179  sprintf                       
000021e1  UART_out_char                 
0000220d  __aeabi_i2d                   
0000220d  __floatsidf                   
00002239  _c_int00_noargs               
00002261  __aeabi_ui2d                  
00002261  __floatunsidf                 
00002285  __aeabi_lmul                  
00002285  __muldi3                      
000022a9  memccpy                       
000022cd  __aeabi_llsl                  
000022cd  __ashldi3                     
00002305  __aeabi_uldivmod              
0000232d  TI_memcpy_small               
0000233f  __TI_decompress_none          
00002351  clock_delay                   
00002361  wcslen                        
00002371  __aeabi_memset                
00002371  __aeabi_memset4               
00002371  __aeabi_memset8               
0000238d  TI_memset_small               
0000239d  get_bus_clock_freq            
000023d9  __aeabi_errno_addr            
000023e1  __aeabi_memcpy                
000023e1  __aeabi_memcpy4               
000023e1  __aeabi_memcpy8               
000023e9  abort                         
000023ef  ADC0_IRQHandler               
000023ef  ADC1_IRQHandler               
000023ef  AES_IRQHandler                
000023ef  CANFD0_IRQHandler             
000023ef  DAC0_IRQHandler               
000023ef  DMA_IRQHandler                
000023ef  Default_Handler               
000023ef  GROUP0_IRQHandler             
000023ef  GROUP1_IRQHandler             
000023ef  I2C0_IRQHandler               
000023ef  I2C1_IRQHandler               
000023ef  NMI_Handler                   
000023ef  PendSV_Handler                
000023ef  RTC_IRQHandler                
000023ef  SPI0_IRQHandler               
000023ef  SPI1_IRQHandler               
000023ef  SVC_Handler                   
000023ef  SysTick_Handler               
000023ef  TIMA0_IRQHandler              
000023ef  TIMA1_IRQHandler              
000023ef  TIMG0_IRQHandler              
000023ef  TIMG12_IRQHandler             
000023ef  TIMG6_IRQHandler              
000023ef  TIMG7_IRQHandler              
000023ef  TIMG8_IRQHandler              
000023ef  UART0_IRQHandler              
000023ef  UART1_IRQHandler              
000023ef  UART2_IRQHandler              
000023ef  UART3_IRQHandler              
000023f2  C$$EXIT                       
000023f3  HOSTexit                      
000023f7  HardFault_Handler             
000023fb  Reset_Handler                 
000023ff  _system_pre_init              
00002410  __aeabi_ctype_table_          
00002410  __aeabi_ctype_table_C         
00002550  lp_led_config_data            
00002a0c  __TI_Handler_Table_Base       
00002a14  __TI_CINIT_Base               
00002a14  __TI_Handler_Table_Limit      
00002a1c  __TI_CINIT_Limit              
00002a1c  __TI_CINIT_Warm               
20200000  __start___llvm_prf_bits       
20200000  __start___llvm_prf_cnts       
20200000  __stop___llvm_prf_bits        
20200000  __stop___llvm_prf_cnts        
20200000  _sys_memory                   
20200800  __aeabi_errno                 
20200804  g_bus_clock_freq              
20207e00  __stack                       
20208000  __STACK_END                   
ffffffff  __TI_pprof_out_hndl           
ffffffff  __TI_prof_data_size           
ffffffff  __TI_prof_data_start          
ffffffff  __binit__                     
ffffffff  binit                         
UNDEFED   __mpu_init                    
UNDEFED   _system_post_cinit            

[148 symbols]
